<html>
<body>
<pre>
<h1>µVision Build Log</h1>
<h2>Tool Versions:</h2>
IDE-Version: µVision V5.26.2.0
Copyright (C) 2018 ARM Ltd and ARM Germany GmbH. All rights reserved.
License Information: shichao feng, c, LIC=CRMKP-ME4ZH-KS0YM-XB3WT-4JUC5-BH6TA
 
Tool Versions:
Toolchain:       MDK-ARM Professional  Version: 5.26.2.0
Toolchain Path:  C:\Keil_v5\ARM\ARMCC\Bin
C Compiler:      Armcc.exe V5.06 update 6 (build 750)
Assembler:       Armasm.exe V5.06 update 6 (build 750)
Linker/Locator:  ArmLink.exe V5.06 update 6 (build 750)
Library Manager: ArmAr.exe V5.06 update 6 (build 750)
Hex Converter:   FromElf.exe V5.06 update 6 (build 750)
CPU DLL:         SARMCM3.DLL V5.26.2.0
Dialog DLL:      DCM.DLL V1.17.2.0
Target DLL:      CMSIS_AGDI.dll V1.30.6.0
Dialog DLL:      TCM.DLL V1.36.1.0
 
<h2>Project:</h2>
C:\new meng project\frdm_gpio\frdm_gpio.uvprojx
Project File Date:  11/07/2018

<h2>Output:</h2>
*** Using Compiler 'V5.06 update 6 (build 750)', folder: 'C:\Keil_v5\ARM\ARMCC\Bin'
Rebuild target 'frdm_gpio'
compiling main.cpp...
linking...
C:\Users\SHICHA~1\AppData\Local\Temp\p23c0-3(124): warning: L6312W: Empty Execution region description for region RW_IRAM1
Program Size: Code=25632 RO-data=5304 RW-data=292 ZI-data=2484  
Finished: 0 information, 1 warning and 0 error messages.
FromELF: creating hex file...
".\BUILD\frdm_gpio.axf" - 0 Error(s), 1 Warning(s).

<h2>Software Packages used:</h2>

Package Vendor: NXP
                http://mcuxpresso.nxp.com/cmsis_pack/repo/NXP.MK64F12_DFP.10.0.4.pack
                NXP.MK64F12_DFP.10.0.4
                Device Family Pack for MK64F12

<h2>Collection of Component include folders:</h2>
  .\RTE\_frdm_gpio
  C:\Keil_v5\ARM\PACK\NXP\MK64F12_DFP\10.0.4

<h2>Collection of Component Files used:</h2>
Build Time Elapsed:  00:00:03
</pre>
</body>
</html>
