<!doctype html public "-//w3c//dtd html 4.0 transitional//en">
<html><head>
<title>Static Call Graph - [.\BUILD\frdm_gpio.axf]</title></head>
<body><HR>
<H1>Static Call Graph for image .\BUILD\frdm_gpio.axf</H1><HR>
<BR><P>#&#060CALLGRAPH&#062# ARM Linker, 5060750: Last Updated: Tue Nov 20 13:34:39 2018
<BR><P>
<H3>Maximum Stack Usage =        704 bytes + Unknown(Cycles, Untraceable Function Pointers)</H3><H3>
Call chain for Maximum Stack Depth:</H3>
__sti___8_main_cpp_gpo &rArr; mbed::Serial::Serial(PinName, PinName, const char*, int) &rArr; mbed::Stream::Stream__sub_object(const char*) &rArr; mbed::fdopen(mbed::FileHandle*, const char*) &rArr; fopen &rArr; freopen &rArr; _fclose_internal &rArr; _fflush &rArr; _writebuf &rArr; _sys_write &rArr; get_fhc(int) &rArr; __cxa_guard_release &rArr; mbed_assert_internal &rArr; mbed_error_printf &rArr; serial_init &rArr;  mbed_assert_internal (Cycle)
<P>
<H3>
Mutually Recursive functions
</H3> <LI><a href="#[13]">HardFault_Handler</a>&nbsp;&nbsp;&nbsp;&rArr;&nbsp;&nbsp;&nbsp;<a href="#[13]">HardFault_Handler</a><BR>
 <LI><a href="#[14]">MemManage_Handler</a>&nbsp;&nbsp;&nbsp;&rArr;&nbsp;&nbsp;&nbsp;<a href="#[14]">MemManage_Handler</a><BR>
 <LI><a href="#[15]">BusFault_Handler</a>&nbsp;&nbsp;&nbsp;&rArr;&nbsp;&nbsp;&nbsp;<a href="#[15]">BusFault_Handler</a><BR>
 <LI><a href="#[16]">UsageFault_Handler</a>&nbsp;&nbsp;&nbsp;&rArr;&nbsp;&nbsp;&nbsp;<a href="#[16]">UsageFault_Handler</a><BR>
 <LI><a href="#[17]">SVC_Handler</a>&nbsp;&nbsp;&nbsp;&rArr;&nbsp;&nbsp;&nbsp;<a href="#[17]">SVC_Handler</a><BR>
 <LI><a href="#[18]">DebugMon_Handler</a>&nbsp;&nbsp;&nbsp;&rArr;&nbsp;&nbsp;&nbsp;<a href="#[18]">DebugMon_Handler</a><BR>
 <LI><a href="#[19]">PendSV_Handler</a>&nbsp;&nbsp;&nbsp;&rArr;&nbsp;&nbsp;&nbsp;<a href="#[19]">PendSV_Handler</a><BR>
 <LI><a href="#[1a]">SysTick_Handler</a>&nbsp;&nbsp;&nbsp;&rArr;&nbsp;&nbsp;&nbsp;<a href="#[1a]">SysTick_Handler</a><BR>
 <LI><a href="#[175]">CLOCK_GetPll0Freq</a>&nbsp;&nbsp;&nbsp;&rArr;&nbsp;&nbsp;&nbsp;<a href="#[128]">__aeabi_assert</a><BR>
 <LI><a href="#[172]">CLOCK_GetFllRefClkFreq</a>&nbsp;&nbsp;&nbsp;&rArr;&nbsp;&nbsp;&nbsp;<a href="#[128]">__aeabi_assert</a><BR>
 <LI><a href="#[174]">CLOCK_GetOutClkFreq</a>&nbsp;&nbsp;&nbsp;&rArr;&nbsp;&nbsp;&nbsp;<a href="#[128]">__aeabi_assert</a><BR>
 <LI><a href="#[173]">CLOCK_GetFreq</a>&nbsp;&nbsp;&nbsp;&rArr;&nbsp;&nbsp;&nbsp;<a href="#[128]">__aeabi_assert</a><BR>
 <LI><a href="#[17d]">UART_SetBaudRate</a>&nbsp;&nbsp;&nbsp;&rArr;&nbsp;&nbsp;&nbsp;<a href="#[128]">__aeabi_assert</a><BR>
 <LI><a href="#[195]">core_util_critical_section_enter</a>&nbsp;&nbsp;&nbsp;&rArr;&nbsp;&nbsp;&nbsp;<a href="#[17f]">mbed_assert_internal</a><BR>
 <LI><a href="#[18e]">gpio_write</a>&nbsp;&nbsp;&nbsp;&rArr;&nbsp;&nbsp;&nbsp;<a href="#[17f]">mbed_assert_internal</a><BR>
 <LI><a href="#[1c5]">pin_function</a>&nbsp;&nbsp;&nbsp;&rArr;&nbsp;&nbsp;&nbsp;<a href="#[17f]">mbed_assert_internal</a><BR>
 <LI><a href="#[1c3]">gpio_dir</a>&nbsp;&nbsp;&nbsp;&rArr;&nbsp;&nbsp;&nbsp;<a href="#[17f]">mbed_assert_internal</a><BR>
 <LI><a href="#[1be]">hal_critical_section_exit</a>&nbsp;&nbsp;&nbsp;&rArr;&nbsp;&nbsp;&nbsp;<a href="#[17f]">mbed_assert_internal</a><BR>
 <LI><a href="#[1c9]">initialize</a>&nbsp;&nbsp;&nbsp;&rArr;&nbsp;&nbsp;&nbsp;<a href="#[17f]">mbed_assert_internal</a><BR>
 <LI><a href="#[111]">exit</a>&nbsp;&nbsp;&nbsp;&rArr;&nbsp;&nbsp;&nbsp;<a href="#[11e]">fflush</a><BR>
 <LI><a href="#[1d2]">print_error_report</a>&nbsp;&nbsp;&nbsp;&rArr;&nbsp;&nbsp;&nbsp;<a href="#[1d0]">mbed_error_printf</a><BR>
 <LI><a href="#[1c7]">pin_mode</a>&nbsp;&nbsp;&nbsp;&rArr;&nbsp;&nbsp;&nbsp;<a href="#[17f]">mbed_assert_internal</a><BR>
 <LI><a href="#[187]">serial_init</a>&nbsp;&nbsp;&nbsp;&rArr;&nbsp;&nbsp;&nbsp;<a href="#[17f]">mbed_assert_internal</a><BR>
 <LI><a href="#[17c]">UART_Init</a>&nbsp;&nbsp;&nbsp;&rArr;&nbsp;&nbsp;&nbsp;<a href="#[128]">__aeabi_assert</a><BR>
 <LI><a href="#[17a]">UART_GetDefaultConfig</a>&nbsp;&nbsp;&nbsp;&rArr;&nbsp;&nbsp;&nbsp;<a href="#[128]">__aeabi_assert</a><BR>
 <LI><a href="#[1bb]">core_util_atomic_decr_u16</a>&nbsp;&nbsp;&nbsp;&rArr;&nbsp;&nbsp;&nbsp;<a href="#[1bb]">core_util_atomic_decr_u16</a><BR>
 <LI><a href="#[1bc]">core_util_atomic_incr_u16</a>&nbsp;&nbsp;&nbsp;&rArr;&nbsp;&nbsp;&nbsp;<a href="#[1bc]">core_util_atomic_incr_u16</a><BR>
</UL>
<P>
<H3>
Function Pointers
</H3><UL>
 <LI><a href="#[a6]">&lang;Func3&rang;</a> from mbed/TARGET_K64F/TOOLCHAIN_ARM_STD/mbed.ar(SerialBase.o)(i.<Func3>) referenced from mbed/TARGET_K64F/TOOLCHAIN_ARM_STD/mbed.ar(SerialBase.o)(i._ZN4mbed10SerialBaseC1E7PinNameS1_i)
 <LI><a href="#[42]">ADC0_IRQHandler</a> from mbed/TARGET_K64F/TOOLCHAIN_ARM_STD/startup_MK64F12.o(.text) referenced from mbed/TARGET_K64F/TOOLCHAIN_ARM_STD/startup_MK64F12.o(RESET)
 <LI><a href="#[64]">ADC1_IRQHandler</a> from mbed/TARGET_K64F/TOOLCHAIN_ARM_STD/startup_MK64F12.o(.text) referenced from mbed/TARGET_K64F/TOOLCHAIN_ARM_STD/startup_MK64F12.o(RESET)
 <LI><a href="#[15]">BusFault_Handler</a> from mbed/TARGET_K64F/TOOLCHAIN_ARM_STD/startup_MK64F12.o(.text) referenced from mbed/TARGET_K64F/TOOLCHAIN_ARM_STD/startup_MK64F12.o(RESET)
 <LI><a href="#[67]">CAN0_Bus_Off_IRQHandler</a> from mbed/TARGET_K64F/TOOLCHAIN_ARM_STD/startup_MK64F12.o(.text) referenced from mbed/TARGET_K64F/TOOLCHAIN_ARM_STD/startup_MK64F12.o(RESET)
 <LI><a href="#[9a]">CAN0_DriverIRQHandler</a> from mbed/TARGET_K64F/TOOLCHAIN_ARM_STD/fsl_flexcan.o(i.CAN0_DriverIRQHandler) referenced from mbed/TARGET_K64F/TOOLCHAIN_ARM_STD/startup_MK64F12.o(.text)
 <LI><a href="#[68]">CAN0_Error_IRQHandler</a> from mbed/TARGET_K64F/TOOLCHAIN_ARM_STD/startup_MK64F12.o(.text) referenced from mbed/TARGET_K64F/TOOLCHAIN_ARM_STD/startup_MK64F12.o(RESET)
 <LI><a href="#[66]">CAN0_ORed_Message_buffer_IRQHandler</a> from mbed/TARGET_K64F/TOOLCHAIN_ARM_STD/startup_MK64F12.o(.text) referenced from mbed/TARGET_K64F/TOOLCHAIN_ARM_STD/startup_MK64F12.o(RESET)
 <LI><a href="#[6a]">CAN0_Rx_Warning_IRQHandler</a> from mbed/TARGET_K64F/TOOLCHAIN_ARM_STD/startup_MK64F12.o(.text) referenced from mbed/TARGET_K64F/TOOLCHAIN_ARM_STD/startup_MK64F12.o(RESET)
 <LI><a href="#[69]">CAN0_Tx_Warning_IRQHandler</a> from mbed/TARGET_K64F/TOOLCHAIN_ARM_STD/startup_MK64F12.o(.text) referenced from mbed/TARGET_K64F/TOOLCHAIN_ARM_STD/startup_MK64F12.o(RESET)
 <LI><a href="#[6b]">CAN0_Wake_Up_IRQHandler</a> from mbed/TARGET_K64F/TOOLCHAIN_ARM_STD/startup_MK64F12.o(.text) referenced from mbed/TARGET_K64F/TOOLCHAIN_ARM_STD/startup_MK64F12.o(RESET)
 <LI><a href="#[43]">CMP0_IRQHandler</a> from mbed/TARGET_K64F/TOOLCHAIN_ARM_STD/startup_MK64F12.o(.text) referenced from mbed/TARGET_K64F/TOOLCHAIN_ARM_STD/startup_MK64F12.o(RESET)
 <LI><a href="#[44]">CMP1_IRQHandler</a> from mbed/TARGET_K64F/TOOLCHAIN_ARM_STD/startup_MK64F12.o(.text) referenced from mbed/TARGET_K64F/TOOLCHAIN_ARM_STD/startup_MK64F12.o(RESET)
 <LI><a href="#[61]">CMP2_IRQHandler</a> from mbed/TARGET_K64F/TOOLCHAIN_ARM_STD/startup_MK64F12.o(.text) referenced from mbed/TARGET_K64F/TOOLCHAIN_ARM_STD/startup_MK64F12.o(RESET)
 <LI><a href="#[48]">CMT_IRQHandler</a> from mbed/TARGET_K64F/TOOLCHAIN_ARM_STD/startup_MK64F12.o(.text) referenced from mbed/TARGET_K64F/TOOLCHAIN_ARM_STD/startup_MK64F12.o(RESET)
 <LI><a href="#[53]">DAC0_IRQHandler</a> from mbed/TARGET_K64F/TOOLCHAIN_ARM_STD/startup_MK64F12.o(.text) referenced from mbed/TARGET_K64F/TOOLCHAIN_ARM_STD/startup_MK64F12.o(RESET)
 <LI><a href="#[63]">DAC1_IRQHandler</a> from mbed/TARGET_K64F/TOOLCHAIN_ARM_STD/startup_MK64F12.o(.text) referenced from mbed/TARGET_K64F/TOOLCHAIN_ARM_STD/startup_MK64F12.o(RESET)
 <LI><a href="#[74]">DMA0_DriverIRQHandler</a> from mbed/TARGET_K64F/TOOLCHAIN_ARM_STD/fsl_edma.o(i.DMA0_DriverIRQHandler) referenced from mbed/TARGET_K64F/TOOLCHAIN_ARM_STD/startup_MK64F12.o(.text)
 <LI><a href="#[1b]">DMA0_IRQHandler</a> from mbed/TARGET_K64F/TOOLCHAIN_ARM_STD/startup_MK64F12.o(.text) referenced from mbed/TARGET_K64F/TOOLCHAIN_ARM_STD/startup_MK64F12.o(RESET)
 <LI><a href="#[7e]">DMA10_DriverIRQHandler</a> from mbed/TARGET_K64F/TOOLCHAIN_ARM_STD/fsl_edma.o(i.DMA10_DriverIRQHandler) referenced from mbed/TARGET_K64F/TOOLCHAIN_ARM_STD/startup_MK64F12.o(.text)
 <LI><a href="#[25]">DMA10_IRQHandler</a> from mbed/TARGET_K64F/TOOLCHAIN_ARM_STD/startup_MK64F12.o(.text) referenced from mbed/TARGET_K64F/TOOLCHAIN_ARM_STD/startup_MK64F12.o(RESET)
 <LI><a href="#[7f]">DMA11_DriverIRQHandler</a> from mbed/TARGET_K64F/TOOLCHAIN_ARM_STD/fsl_edma.o(i.DMA11_DriverIRQHandler) referenced from mbed/TARGET_K64F/TOOLCHAIN_ARM_STD/startup_MK64F12.o(.text)
 <LI><a href="#[26]">DMA11_IRQHandler</a> from mbed/TARGET_K64F/TOOLCHAIN_ARM_STD/startup_MK64F12.o(.text) referenced from mbed/TARGET_K64F/TOOLCHAIN_ARM_STD/startup_MK64F12.o(RESET)
 <LI><a href="#[80]">DMA12_DriverIRQHandler</a> from mbed/TARGET_K64F/TOOLCHAIN_ARM_STD/fsl_edma.o(i.DMA12_DriverIRQHandler) referenced from mbed/TARGET_K64F/TOOLCHAIN_ARM_STD/startup_MK64F12.o(.text)
 <LI><a href="#[27]">DMA12_IRQHandler</a> from mbed/TARGET_K64F/TOOLCHAIN_ARM_STD/startup_MK64F12.o(.text) referenced from mbed/TARGET_K64F/TOOLCHAIN_ARM_STD/startup_MK64F12.o(RESET)
 <LI><a href="#[81]">DMA13_DriverIRQHandler</a> from mbed/TARGET_K64F/TOOLCHAIN_ARM_STD/fsl_edma.o(i.DMA13_DriverIRQHandler) referenced from mbed/TARGET_K64F/TOOLCHAIN_ARM_STD/startup_MK64F12.o(.text)
 <LI><a href="#[28]">DMA13_IRQHandler</a> from mbed/TARGET_K64F/TOOLCHAIN_ARM_STD/startup_MK64F12.o(.text) referenced from mbed/TARGET_K64F/TOOLCHAIN_ARM_STD/startup_MK64F12.o(RESET)
 <LI><a href="#[82]">DMA14_DriverIRQHandler</a> from mbed/TARGET_K64F/TOOLCHAIN_ARM_STD/fsl_edma.o(i.DMA14_DriverIRQHandler) referenced from mbed/TARGET_K64F/TOOLCHAIN_ARM_STD/startup_MK64F12.o(.text)
 <LI><a href="#[29]">DMA14_IRQHandler</a> from mbed/TARGET_K64F/TOOLCHAIN_ARM_STD/startup_MK64F12.o(.text) referenced from mbed/TARGET_K64F/TOOLCHAIN_ARM_STD/startup_MK64F12.o(RESET)
 <LI><a href="#[83]">DMA15_DriverIRQHandler</a> from mbed/TARGET_K64F/TOOLCHAIN_ARM_STD/fsl_edma.o(i.DMA15_DriverIRQHandler) referenced from mbed/TARGET_K64F/TOOLCHAIN_ARM_STD/startup_MK64F12.o(.text)
 <LI><a href="#[2a]">DMA15_IRQHandler</a> from mbed/TARGET_K64F/TOOLCHAIN_ARM_STD/startup_MK64F12.o(.text) referenced from mbed/TARGET_K64F/TOOLCHAIN_ARM_STD/startup_MK64F12.o(RESET)
 <LI><a href="#[75]">DMA1_DriverIRQHandler</a> from mbed/TARGET_K64F/TOOLCHAIN_ARM_STD/fsl_edma.o(i.DMA1_DriverIRQHandler) referenced from mbed/TARGET_K64F/TOOLCHAIN_ARM_STD/startup_MK64F12.o(.text)
 <LI><a href="#[1c]">DMA1_IRQHandler</a> from mbed/TARGET_K64F/TOOLCHAIN_ARM_STD/startup_MK64F12.o(.text) referenced from mbed/TARGET_K64F/TOOLCHAIN_ARM_STD/startup_MK64F12.o(RESET)
 <LI><a href="#[76]">DMA2_DriverIRQHandler</a> from mbed/TARGET_K64F/TOOLCHAIN_ARM_STD/fsl_edma.o(i.DMA2_DriverIRQHandler) referenced from mbed/TARGET_K64F/TOOLCHAIN_ARM_STD/startup_MK64F12.o(.text)
 <LI><a href="#[1d]">DMA2_IRQHandler</a> from mbed/TARGET_K64F/TOOLCHAIN_ARM_STD/startup_MK64F12.o(.text) referenced from mbed/TARGET_K64F/TOOLCHAIN_ARM_STD/startup_MK64F12.o(RESET)
 <LI><a href="#[77]">DMA3_DriverIRQHandler</a> from mbed/TARGET_K64F/TOOLCHAIN_ARM_STD/fsl_edma.o(i.DMA3_DriverIRQHandler) referenced from mbed/TARGET_K64F/TOOLCHAIN_ARM_STD/startup_MK64F12.o(.text)
 <LI><a href="#[1e]">DMA3_IRQHandler</a> from mbed/TARGET_K64F/TOOLCHAIN_ARM_STD/startup_MK64F12.o(.text) referenced from mbed/TARGET_K64F/TOOLCHAIN_ARM_STD/startup_MK64F12.o(RESET)
 <LI><a href="#[78]">DMA4_DriverIRQHandler</a> from mbed/TARGET_K64F/TOOLCHAIN_ARM_STD/fsl_edma.o(i.DMA4_DriverIRQHandler) referenced from mbed/TARGET_K64F/TOOLCHAIN_ARM_STD/startup_MK64F12.o(.text)
 <LI><a href="#[1f]">DMA4_IRQHandler</a> from mbed/TARGET_K64F/TOOLCHAIN_ARM_STD/startup_MK64F12.o(.text) referenced from mbed/TARGET_K64F/TOOLCHAIN_ARM_STD/startup_MK64F12.o(RESET)
 <LI><a href="#[79]">DMA5_DriverIRQHandler</a> from mbed/TARGET_K64F/TOOLCHAIN_ARM_STD/fsl_edma.o(i.DMA5_DriverIRQHandler) referenced from mbed/TARGET_K64F/TOOLCHAIN_ARM_STD/startup_MK64F12.o(.text)
 <LI><a href="#[20]">DMA5_IRQHandler</a> from mbed/TARGET_K64F/TOOLCHAIN_ARM_STD/startup_MK64F12.o(.text) referenced from mbed/TARGET_K64F/TOOLCHAIN_ARM_STD/startup_MK64F12.o(RESET)
 <LI><a href="#[7a]">DMA6_DriverIRQHandler</a> from mbed/TARGET_K64F/TOOLCHAIN_ARM_STD/fsl_edma.o(i.DMA6_DriverIRQHandler) referenced from mbed/TARGET_K64F/TOOLCHAIN_ARM_STD/startup_MK64F12.o(.text)
 <LI><a href="#[21]">DMA6_IRQHandler</a> from mbed/TARGET_K64F/TOOLCHAIN_ARM_STD/startup_MK64F12.o(.text) referenced from mbed/TARGET_K64F/TOOLCHAIN_ARM_STD/startup_MK64F12.o(RESET)
 <LI><a href="#[7b]">DMA7_DriverIRQHandler</a> from mbed/TARGET_K64F/TOOLCHAIN_ARM_STD/fsl_edma.o(i.DMA7_DriverIRQHandler) referenced from mbed/TARGET_K64F/TOOLCHAIN_ARM_STD/startup_MK64F12.o(.text)
 <LI><a href="#[22]">DMA7_IRQHandler</a> from mbed/TARGET_K64F/TOOLCHAIN_ARM_STD/startup_MK64F12.o(.text) referenced from mbed/TARGET_K64F/TOOLCHAIN_ARM_STD/startup_MK64F12.o(RESET)
 <LI><a href="#[7c]">DMA8_DriverIRQHandler</a> from mbed/TARGET_K64F/TOOLCHAIN_ARM_STD/fsl_edma.o(i.DMA8_DriverIRQHandler) referenced from mbed/TARGET_K64F/TOOLCHAIN_ARM_STD/startup_MK64F12.o(.text)
 <LI><a href="#[23]">DMA8_IRQHandler</a> from mbed/TARGET_K64F/TOOLCHAIN_ARM_STD/startup_MK64F12.o(.text) referenced from mbed/TARGET_K64F/TOOLCHAIN_ARM_STD/startup_MK64F12.o(RESET)
 <LI><a href="#[7d]">DMA9_DriverIRQHandler</a> from mbed/TARGET_K64F/TOOLCHAIN_ARM_STD/fsl_edma.o(i.DMA9_DriverIRQHandler) referenced from mbed/TARGET_K64F/TOOLCHAIN_ARM_STD/startup_MK64F12.o(.text)
 <LI><a href="#[24]">DMA9_IRQHandler</a> from mbed/TARGET_K64F/TOOLCHAIN_ARM_STD/startup_MK64F12.o(.text) referenced from mbed/TARGET_K64F/TOOLCHAIN_ARM_STD/startup_MK64F12.o(RESET)
 <LI><a href="#[84]">DMA_Error_DriverIRQHandler</a> from mbed/TARGET_K64F/TOOLCHAIN_ARM_STD/startup_MK64F12.o(.text) referenced from mbed/TARGET_K64F/TOOLCHAIN_ARM_STD/startup_MK64F12.o(.text)
 <LI><a href="#[2b]">DMA_Error_IRQHandler</a> from mbed/TARGET_K64F/TOOLCHAIN_ARM_STD/startup_MK64F12.o(.text) referenced from mbed/TARGET_K64F/TOOLCHAIN_ARM_STD/startup_MK64F12.o(RESET)
 <LI><a href="#[18]">DebugMon_Handler</a> from mbed/TARGET_K64F/TOOLCHAIN_ARM_STD/startup_MK64F12.o(.text) referenced from mbed/TARGET_K64F/TOOLCHAIN_ARM_STD/startup_MK64F12.o(RESET)
 <LI><a href="#[71]">DefaultISR</a> from mbed/TARGET_K64F/TOOLCHAIN_ARM_STD/startup_MK64F12.o(.text) referenced 153 times from mbed/TARGET_K64F/TOOLCHAIN_ARM_STD/startup_MK64F12.o(RESET)
 <LI><a href="#[9c]">ENET_1588_Timer_DriverIRQHandler</a> from mbed/TARGET_K64F/TOOLCHAIN_ARM_STD/startup_MK64F12.o(.text) referenced from mbed/TARGET_K64F/TOOLCHAIN_ARM_STD/startup_MK64F12.o(.text)
 <LI><a href="#[6d]">ENET_1588_Timer_IRQHandler</a> from mbed/TARGET_K64F/TOOLCHAIN_ARM_STD/startup_MK64F12.o(.text) referenced from mbed/TARGET_K64F/TOOLCHAIN_ARM_STD/startup_MK64F12.o(RESET)
 <LI><a href="#[9f]">ENET_Error_DriverIRQHandler</a> from mbed/TARGET_K64F/TOOLCHAIN_ARM_STD/startup_MK64F12.o(.text) referenced from mbed/TARGET_K64F/TOOLCHAIN_ARM_STD/startup_MK64F12.o(.text)
 <LI><a href="#[70]">ENET_Error_IRQHandler</a> from mbed/TARGET_K64F/TOOLCHAIN_ARM_STD/fsl_enet.o(i.ENET_Error_IRQHandler) referenced from mbed/TARGET_K64F/TOOLCHAIN_ARM_STD/startup_MK64F12.o(RESET)
 <LI><a href="#[9e]">ENET_Receive_DriverIRQHandler</a> from mbed/TARGET_K64F/TOOLCHAIN_ARM_STD/startup_MK64F12.o(.text) referenced from mbed/TARGET_K64F/TOOLCHAIN_ARM_STD/startup_MK64F12.o(.text)
 <LI><a href="#[6f]">ENET_Receive_IRQHandler</a> from mbed/TARGET_K64F/TOOLCHAIN_ARM_STD/fsl_enet.o(i.ENET_Receive_IRQHandler) referenced from mbed/TARGET_K64F/TOOLCHAIN_ARM_STD/startup_MK64F12.o(RESET)
 <LI><a href="#[9d]">ENET_Transmit_DriverIRQHandler</a> from mbed/TARGET_K64F/TOOLCHAIN_ARM_STD/startup_MK64F12.o(.text) referenced from mbed/TARGET_K64F/TOOLCHAIN_ARM_STD/startup_MK64F12.o(.text)
 <LI><a href="#[6e]">ENET_Transmit_IRQHandler</a> from mbed/TARGET_K64F/TOOLCHAIN_ARM_STD/fsl_enet.o(i.ENET_Transmit_IRQHandler) referenced from mbed/TARGET_K64F/TOOLCHAIN_ARM_STD/startup_MK64F12.o(RESET)
 <LI><a href="#[2d]">FTFE_IRQHandler</a> from mbed/TARGET_K64F/TOOLCHAIN_ARM_STD/startup_MK64F12.o(.text) referenced from mbed/TARGET_K64F/TOOLCHAIN_ARM_STD/startup_MK64F12.o(RESET)
 <LI><a href="#[45]">FTM0_IRQHandler</a> from mbed/TARGET_K64F/TOOLCHAIN_ARM_STD/startup_MK64F12.o(.text) referenced from mbed/TARGET_K64F/TOOLCHAIN_ARM_STD/startup_MK64F12.o(RESET)
 <LI><a href="#[46]">FTM1_IRQHandler</a> from mbed/TARGET_K64F/TOOLCHAIN_ARM_STD/startup_MK64F12.o(.text) referenced from mbed/TARGET_K64F/TOOLCHAIN_ARM_STD/startup_MK64F12.o(RESET)
 <LI><a href="#[47]">FTM2_IRQHandler</a> from mbed/TARGET_K64F/TOOLCHAIN_ARM_STD/startup_MK64F12.o(.text) referenced from mbed/TARGET_K64F/TOOLCHAIN_ARM_STD/startup_MK64F12.o(RESET)
 <LI><a href="#[62]">FTM3_IRQHandler</a> from mbed/TARGET_K64F/TOOLCHAIN_ARM_STD/startup_MK64F12.o(.text) referenced from mbed/TARGET_K64F/TOOLCHAIN_ARM_STD/startup_MK64F12.o(RESET)
 <LI><a href="#[13]">HardFault_Handler</a> from mbed/TARGET_K64F/TOOLCHAIN_ARM_STD/startup_MK64F12.o(.text) referenced from mbed/TARGET_K64F/TOOLCHAIN_ARM_STD/startup_MK64F12.o(RESET)
 <LI><a href="#[85]">I2C0_DriverIRQHandler</a> from mbed/TARGET_K64F/TOOLCHAIN_ARM_STD/fsl_i2c.o(i.I2C0_DriverIRQHandler) referenced from mbed/TARGET_K64F/TOOLCHAIN_ARM_STD/startup_MK64F12.o(.text)
 <LI><a href="#[33]">I2C0_IRQHandler</a> from mbed/TARGET_K64F/TOOLCHAIN_ARM_STD/startup_MK64F12.o(.text) referenced from mbed/TARGET_K64F/TOOLCHAIN_ARM_STD/startup_MK64F12.o(RESET)
 <LI><a href="#[86]">I2C1_DriverIRQHandler</a> from mbed/TARGET_K64F/TOOLCHAIN_ARM_STD/fsl_i2c.o(i.I2C1_DriverIRQHandler) referenced from mbed/TARGET_K64F/TOOLCHAIN_ARM_STD/startup_MK64F12.o(.text)
 <LI><a href="#[34]">I2C1_IRQHandler</a> from mbed/TARGET_K64F/TOOLCHAIN_ARM_STD/startup_MK64F12.o(.text) referenced from mbed/TARGET_K64F/TOOLCHAIN_ARM_STD/startup_MK64F12.o(RESET)
 <LI><a href="#[99]">I2C2_DriverIRQHandler</a> from mbed/TARGET_K64F/TOOLCHAIN_ARM_STD/fsl_i2c.o(i.I2C2_DriverIRQHandler) referenced from mbed/TARGET_K64F/TOOLCHAIN_ARM_STD/startup_MK64F12.o(.text)
 <LI><a href="#[65]">I2C2_IRQHandler</a> from mbed/TARGET_K64F/TOOLCHAIN_ARM_STD/startup_MK64F12.o(.text) referenced from mbed/TARGET_K64F/TOOLCHAIN_ARM_STD/startup_MK64F12.o(RESET)
 <LI><a href="#[8a]">I2S0_Rx_DriverIRQHandler</a> from mbed/TARGET_K64F/TOOLCHAIN_ARM_STD/fsl_sai.o(i.I2S0_Rx_DriverIRQHandler) referenced from mbed/TARGET_K64F/TOOLCHAIN_ARM_STD/startup_MK64F12.o(.text)
 <LI><a href="#[38]">I2S0_Rx_IRQHandler</a> from mbed/TARGET_K64F/TOOLCHAIN_ARM_STD/startup_MK64F12.o(.text) referenced from mbed/TARGET_K64F/TOOLCHAIN_ARM_STD/startup_MK64F12.o(RESET)
 <LI><a href="#[89]">I2S0_Tx_DriverIRQHandler</a> from mbed/TARGET_K64F/TOOLCHAIN_ARM_STD/fsl_sai.o(i.I2S0_Tx_DriverIRQHandler) referenced from mbed/TARGET_K64F/TOOLCHAIN_ARM_STD/startup_MK64F12.o(.text)
 <LI><a href="#[37]">I2S0_Tx_IRQHandler</a> from mbed/TARGET_K64F/TOOLCHAIN_ARM_STD/startup_MK64F12.o(.text) referenced from mbed/TARGET_K64F/TOOLCHAIN_ARM_STD/startup_MK64F12.o(RESET)
 <LI><a href="#[30]">LLWU_IRQHandler</a> from mbed/TARGET_K64F/TOOLCHAIN_ARM_STD/startup_MK64F12.o(.text) referenced from mbed/TARGET_K64F/TOOLCHAIN_ARM_STD/startup_MK64F12.o(RESET)
 <LI><a href="#[55]">LPTMR0_IRQHandler</a> from mbed/TARGET_K64F/TOOLCHAIN_ARM_STD/startup_MK64F12.o(.text) referenced from mbed/TARGET_K64F/TOOLCHAIN_ARM_STD/startup_MK64F12.o(RESET)
 <LI><a href="#[2f]">LVD_LVW_IRQHandler</a> from mbed/TARGET_K64F/TOOLCHAIN_ARM_STD/startup_MK64F12.o(.text) referenced from mbed/TARGET_K64F/TOOLCHAIN_ARM_STD/startup_MK64F12.o(RESET)
 <LI><a href="#[54]">MCG_IRQHandler</a> from mbed/TARGET_K64F/TOOLCHAIN_ARM_STD/startup_MK64F12.o(.text) referenced from mbed/TARGET_K64F/TOOLCHAIN_ARM_STD/startup_MK64F12.o(RESET)
 <LI><a href="#[2c]">MCM_IRQHandler</a> from mbed/TARGET_K64F/TOOLCHAIN_ARM_STD/startup_MK64F12.o(.text) referenced from mbed/TARGET_K64F/TOOLCHAIN_ARM_STD/startup_MK64F12.o(RESET)
 <LI><a href="#[14]">MemManage_Handler</a> from mbed/TARGET_K64F/TOOLCHAIN_ARM_STD/startup_MK64F12.o(.text) referenced from mbed/TARGET_K64F/TOOLCHAIN_ARM_STD/startup_MK64F12.o(RESET)
 <LI><a href="#[12]">NMI_Handler</a> from mbed/TARGET_K64F/TOOLCHAIN_ARM_STD/mbed_overrides.o(i.NMI_Handler) referenced from mbed/TARGET_K64F/TOOLCHAIN_ARM_STD/startup_MK64F12.o(RESET)
 <LI><a href="#[4f]">PDB0_IRQHandler</a> from mbed/TARGET_K64F/TOOLCHAIN_ARM_STD/startup_MK64F12.o(.text) referenced from mbed/TARGET_K64F/TOOLCHAIN_ARM_STD/startup_MK64F12.o(RESET)
 <LI><a href="#[4b]">PIT0_IRQHandler</a> from mbed/TARGET_K64F/TOOLCHAIN_ARM_STD/startup_MK64F12.o(.text) referenced from mbed/TARGET_K64F/TOOLCHAIN_ARM_STD/startup_MK64F12.o(RESET)
 <LI><a href="#[4c]">PIT1_IRQHandler</a> from mbed/TARGET_K64F/TOOLCHAIN_ARM_STD/startup_MK64F12.o(.text) referenced from mbed/TARGET_K64F/TOOLCHAIN_ARM_STD/startup_MK64F12.o(RESET)
 <LI><a href="#[4d]">PIT2_IRQHandler</a> from mbed/TARGET_K64F/TOOLCHAIN_ARM_STD/startup_MK64F12.o(.text) referenced from mbed/TARGET_K64F/TOOLCHAIN_ARM_STD/startup_MK64F12.o(RESET)
 <LI><a href="#[4e]">PIT3_IRQHandler</a> from mbed/TARGET_K64F/TOOLCHAIN_ARM_STD/startup_MK64F12.o(.text) referenced from mbed/TARGET_K64F/TOOLCHAIN_ARM_STD/startup_MK64F12.o(RESET)
 <LI><a href="#[56]">PORTA_IRQHandler</a> from mbed/TARGET_K64F/TOOLCHAIN_ARM_STD/startup_MK64F12.o(.text) referenced from mbed/TARGET_K64F/TOOLCHAIN_ARM_STD/startup_MK64F12.o(RESET)
 <LI><a href="#[57]">PORTB_IRQHandler</a> from mbed/TARGET_K64F/TOOLCHAIN_ARM_STD/startup_MK64F12.o(.text) referenced from mbed/TARGET_K64F/TOOLCHAIN_ARM_STD/startup_MK64F12.o(RESET)
 <LI><a href="#[58]">PORTC_IRQHandler</a> from mbed/TARGET_K64F/TOOLCHAIN_ARM_STD/startup_MK64F12.o(.text) referenced from mbed/TARGET_K64F/TOOLCHAIN_ARM_STD/startup_MK64F12.o(RESET)
 <LI><a href="#[59]">PORTD_IRQHandler</a> from mbed/TARGET_K64F/TOOLCHAIN_ARM_STD/startup_MK64F12.o(.text) referenced from mbed/TARGET_K64F/TOOLCHAIN_ARM_STD/startup_MK64F12.o(RESET)
 <LI><a href="#[5a]">PORTE_IRQHandler</a> from mbed/TARGET_K64F/TOOLCHAIN_ARM_STD/startup_MK64F12.o(.text) referenced from mbed/TARGET_K64F/TOOLCHAIN_ARM_STD/startup_MK64F12.o(RESET)
 <LI><a href="#[19]">PendSV_Handler</a> from mbed/TARGET_K64F/TOOLCHAIN_ARM_STD/startup_MK64F12.o(.text) referenced from mbed/TARGET_K64F/TOOLCHAIN_ARM_STD/startup_MK64F12.o(RESET)
 <LI><a href="#[32]">RNG_IRQHandler</a> from mbed/TARGET_K64F/TOOLCHAIN_ARM_STD/startup_MK64F12.o(.text) referenced from mbed/TARGET_K64F/TOOLCHAIN_ARM_STD/startup_MK64F12.o(RESET)
 <LI><a href="#[49]">RTC_IRQHandler</a> from mbed/TARGET_K64F/TOOLCHAIN_ARM_STD/startup_MK64F12.o(.text) referenced from mbed/TARGET_K64F/TOOLCHAIN_ARM_STD/startup_MK64F12.o(RESET)
 <LI><a href="#[4a]">RTC_Seconds_IRQHandler</a> from mbed/TARGET_K64F/TOOLCHAIN_ARM_STD/startup_MK64F12.o(.text) referenced from mbed/TARGET_K64F/TOOLCHAIN_ARM_STD/startup_MK64F12.o(RESET)
 <LI><a href="#[2e]">Read_Collision_IRQHandler</a> from mbed/TARGET_K64F/TOOLCHAIN_ARM_STD/startup_MK64F12.o(.text) referenced from mbed/TARGET_K64F/TOOLCHAIN_ARM_STD/startup_MK64F12.o(RESET)
 <LI><a href="#[52]">Reserved71_IRQHandler</a> from mbed/TARGET_K64F/TOOLCHAIN_ARM_STD/startup_MK64F12.o(.text) referenced from mbed/TARGET_K64F/TOOLCHAIN_ARM_STD/startup_MK64F12.o(RESET)
 <LI><a href="#[11]">Reset_Handler</a> from mbed/TARGET_K64F/TOOLCHAIN_ARM_STD/startup_MK64F12.o(.text) referenced from mbed/TARGET_K64F/TOOLCHAIN_ARM_STD/startup_MK64F12.o(RESET)
 <LI><a href="#[9b]">SDHC_DriverIRQHandler</a> from mbed/TARGET_K64F/TOOLCHAIN_ARM_STD/fsl_sdhc.o(i.SDHC_DriverIRQHandler) referenced from mbed/TARGET_K64F/TOOLCHAIN_ARM_STD/startup_MK64F12.o(.text)
 <LI><a href="#[6c]">SDHC_IRQHandler</a> from mbed/TARGET_K64F/TOOLCHAIN_ARM_STD/startup_MK64F12.o(.text) referenced from mbed/TARGET_K64F/TOOLCHAIN_ARM_STD/startup_MK64F12.o(RESET)
 <LI><a href="#[87]">SPI0_DriverIRQHandler</a> from mbed/TARGET_K64F/TOOLCHAIN_ARM_STD/fsl_dspi.o(i.SPI0_DriverIRQHandler) referenced from mbed/TARGET_K64F/TOOLCHAIN_ARM_STD/startup_MK64F12.o(.text)
 <LI><a href="#[35]">SPI0_IRQHandler</a> from mbed/TARGET_K64F/TOOLCHAIN_ARM_STD/startup_MK64F12.o(.text) referenced from mbed/TARGET_K64F/TOOLCHAIN_ARM_STD/startup_MK64F12.o(RESET)
 <LI><a href="#[88]">SPI1_DriverIRQHandler</a> from mbed/TARGET_K64F/TOOLCHAIN_ARM_STD/fsl_dspi.o(i.SPI1_DriverIRQHandler) referenced from mbed/TARGET_K64F/TOOLCHAIN_ARM_STD/startup_MK64F12.o(.text)
 <LI><a href="#[36]">SPI1_IRQHandler</a> from mbed/TARGET_K64F/TOOLCHAIN_ARM_STD/startup_MK64F12.o(.text) referenced from mbed/TARGET_K64F/TOOLCHAIN_ARM_STD/startup_MK64F12.o(RESET)
 <LI><a href="#[94]">SPI2_DriverIRQHandler</a> from mbed/TARGET_K64F/TOOLCHAIN_ARM_STD/fsl_dspi.o(i.SPI2_DriverIRQHandler) referenced from mbed/TARGET_K64F/TOOLCHAIN_ARM_STD/startup_MK64F12.o(.text)
 <LI><a href="#[5c]">SPI2_IRQHandler</a> from mbed/TARGET_K64F/TOOLCHAIN_ARM_STD/startup_MK64F12.o(.text) referenced from mbed/TARGET_K64F/TOOLCHAIN_ARM_STD/startup_MK64F12.o(RESET)
 <LI><a href="#[17]">SVC_Handler</a> from mbed/TARGET_K64F/TOOLCHAIN_ARM_STD/startup_MK64F12.o(.text) referenced from mbed/TARGET_K64F/TOOLCHAIN_ARM_STD/startup_MK64F12.o(RESET)
 <LI><a href="#[5b]">SWI_IRQHandler</a> from mbed/TARGET_K64F/TOOLCHAIN_ARM_STD/startup_MK64F12.o(.text) referenced from mbed/TARGET_K64F/TOOLCHAIN_ARM_STD/startup_MK64F12.o(RESET)
 <LI><a href="#[1a]">SysTick_Handler</a> from mbed/TARGET_K64F/TOOLCHAIN_ARM_STD/startup_MK64F12.o(.text) referenced from mbed/TARGET_K64F/TOOLCHAIN_ARM_STD/startup_MK64F12.o(RESET)
 <LI><a href="#[72]">SystemInit</a> from mbed/TARGET_K64F/TOOLCHAIN_ARM_STD/system_MK64F12.o(i.SystemInit) referenced from mbed/TARGET_K64F/TOOLCHAIN_ARM_STD/startup_MK64F12.o(.text)
 <LI><a href="#[8d]">UART0_ERR_DriverIRQHandler</a> from mbed/TARGET_K64F/TOOLCHAIN_ARM_STD/startup_MK64F12.o(.text) referenced from mbed/TARGET_K64F/TOOLCHAIN_ARM_STD/startup_MK64F12.o(.text)
 <LI><a href="#[3b]">UART0_ERR_IRQHandler</a> from mbed/TARGET_K64F/TOOLCHAIN_ARM_STD/startup_MK64F12.o(.text) referenced from mbed/TARGET_K64F/TOOLCHAIN_ARM_STD/startup_MK64F12.o(RESET)
 <LI><a href="#[8b]">UART0_LON_DriverIRQHandler</a> from mbed/TARGET_K64F/TOOLCHAIN_ARM_STD/startup_MK64F12.o(.text) referenced from mbed/TARGET_K64F/TOOLCHAIN_ARM_STD/startup_MK64F12.o(.text)
 <LI><a href="#[39]">UART0_LON_IRQHandler</a> from mbed/TARGET_K64F/TOOLCHAIN_ARM_STD/startup_MK64F12.o(.text) referenced from mbed/TARGET_K64F/TOOLCHAIN_ARM_STD/startup_MK64F12.o(RESET)
 <LI><a href="#[8c]">UART0_RX_TX_DriverIRQHandler</a> from mbed/TARGET_K64F/TOOLCHAIN_ARM_STD/fsl_uart.o(i.UART0_RX_TX_DriverIRQHandler) referenced from mbed/TARGET_K64F/TOOLCHAIN_ARM_STD/startup_MK64F12.o(.text)
 <LI><a href="#[3a]">UART0_RX_TX_IRQHandler</a> from mbed/TARGET_K64F/TOOLCHAIN_ARM_STD/startup_MK64F12.o(.text) referenced from mbed/TARGET_K64F/TOOLCHAIN_ARM_STD/startup_MK64F12.o(RESET)
 <LI><a href="#[8f]">UART1_ERR_DriverIRQHandler</a> from mbed/TARGET_K64F/TOOLCHAIN_ARM_STD/startup_MK64F12.o(.text) referenced from mbed/TARGET_K64F/TOOLCHAIN_ARM_STD/startup_MK64F12.o(.text)
 <LI><a href="#[3d]">UART1_ERR_IRQHandler</a> from mbed/TARGET_K64F/TOOLCHAIN_ARM_STD/startup_MK64F12.o(.text) referenced from mbed/TARGET_K64F/TOOLCHAIN_ARM_STD/startup_MK64F12.o(RESET)
 <LI><a href="#[8e]">UART1_RX_TX_DriverIRQHandler</a> from mbed/TARGET_K64F/TOOLCHAIN_ARM_STD/fsl_uart.o(i.UART1_RX_TX_DriverIRQHandler) referenced from mbed/TARGET_K64F/TOOLCHAIN_ARM_STD/startup_MK64F12.o(.text)
 <LI><a href="#[3c]">UART1_RX_TX_IRQHandler</a> from mbed/TARGET_K64F/TOOLCHAIN_ARM_STD/startup_MK64F12.o(.text) referenced from mbed/TARGET_K64F/TOOLCHAIN_ARM_STD/startup_MK64F12.o(RESET)
 <LI><a href="#[91]">UART2_ERR_DriverIRQHandler</a> from mbed/TARGET_K64F/TOOLCHAIN_ARM_STD/startup_MK64F12.o(.text) referenced from mbed/TARGET_K64F/TOOLCHAIN_ARM_STD/startup_MK64F12.o(.text)
 <LI><a href="#[3f]">UART2_ERR_IRQHandler</a> from mbed/TARGET_K64F/TOOLCHAIN_ARM_STD/startup_MK64F12.o(.text) referenced from mbed/TARGET_K64F/TOOLCHAIN_ARM_STD/startup_MK64F12.o(RESET)
 <LI><a href="#[90]">UART2_RX_TX_DriverIRQHandler</a> from mbed/TARGET_K64F/TOOLCHAIN_ARM_STD/fsl_uart.o(i.UART2_RX_TX_DriverIRQHandler) referenced from mbed/TARGET_K64F/TOOLCHAIN_ARM_STD/startup_MK64F12.o(.text)
 <LI><a href="#[3e]">UART2_RX_TX_IRQHandler</a> from mbed/TARGET_K64F/TOOLCHAIN_ARM_STD/startup_MK64F12.o(.text) referenced from mbed/TARGET_K64F/TOOLCHAIN_ARM_STD/startup_MK64F12.o(RESET)
 <LI><a href="#[93]">UART3_ERR_DriverIRQHandler</a> from mbed/TARGET_K64F/TOOLCHAIN_ARM_STD/startup_MK64F12.o(.text) referenced from mbed/TARGET_K64F/TOOLCHAIN_ARM_STD/startup_MK64F12.o(.text)
 <LI><a href="#[41]">UART3_ERR_IRQHandler</a> from mbed/TARGET_K64F/TOOLCHAIN_ARM_STD/startup_MK64F12.o(.text) referenced from mbed/TARGET_K64F/TOOLCHAIN_ARM_STD/startup_MK64F12.o(RESET)
 <LI><a href="#[92]">UART3_RX_TX_DriverIRQHandler</a> from mbed/TARGET_K64F/TOOLCHAIN_ARM_STD/fsl_uart.o(i.UART3_RX_TX_DriverIRQHandler) referenced from mbed/TARGET_K64F/TOOLCHAIN_ARM_STD/startup_MK64F12.o(.text)
 <LI><a href="#[40]">UART3_RX_TX_IRQHandler</a> from mbed/TARGET_K64F/TOOLCHAIN_ARM_STD/startup_MK64F12.o(.text) referenced from mbed/TARGET_K64F/TOOLCHAIN_ARM_STD/startup_MK64F12.o(RESET)
 <LI><a href="#[96]">UART4_ERR_DriverIRQHandler</a> from mbed/TARGET_K64F/TOOLCHAIN_ARM_STD/startup_MK64F12.o(.text) referenced from mbed/TARGET_K64F/TOOLCHAIN_ARM_STD/startup_MK64F12.o(.text)
 <LI><a href="#[5e]">UART4_ERR_IRQHandler</a> from mbed/TARGET_K64F/TOOLCHAIN_ARM_STD/startup_MK64F12.o(.text) referenced from mbed/TARGET_K64F/TOOLCHAIN_ARM_STD/startup_MK64F12.o(RESET)
 <LI><a href="#[95]">UART4_RX_TX_DriverIRQHandler</a> from mbed/TARGET_K64F/TOOLCHAIN_ARM_STD/fsl_uart.o(i.UART4_RX_TX_DriverIRQHandler) referenced from mbed/TARGET_K64F/TOOLCHAIN_ARM_STD/startup_MK64F12.o(.text)
 <LI><a href="#[5d]">UART4_RX_TX_IRQHandler</a> from mbed/TARGET_K64F/TOOLCHAIN_ARM_STD/startup_MK64F12.o(.text) referenced from mbed/TARGET_K64F/TOOLCHAIN_ARM_STD/startup_MK64F12.o(RESET)
 <LI><a href="#[98]">UART5_ERR_DriverIRQHandler</a> from mbed/TARGET_K64F/TOOLCHAIN_ARM_STD/startup_MK64F12.o(.text) referenced from mbed/TARGET_K64F/TOOLCHAIN_ARM_STD/startup_MK64F12.o(.text)
 <LI><a href="#[60]">UART5_ERR_IRQHandler</a> from mbed/TARGET_K64F/TOOLCHAIN_ARM_STD/startup_MK64F12.o(.text) referenced from mbed/TARGET_K64F/TOOLCHAIN_ARM_STD/startup_MK64F12.o(RESET)
 <LI><a href="#[97]">UART5_RX_TX_DriverIRQHandler</a> from mbed/TARGET_K64F/TOOLCHAIN_ARM_STD/fsl_uart.o(i.UART5_RX_TX_DriverIRQHandler) referenced from mbed/TARGET_K64F/TOOLCHAIN_ARM_STD/startup_MK64F12.o(.text)
 <LI><a href="#[5f]">UART5_RX_TX_IRQHandler</a> from mbed/TARGET_K64F/TOOLCHAIN_ARM_STD/startup_MK64F12.o(.text) referenced from mbed/TARGET_K64F/TOOLCHAIN_ARM_STD/startup_MK64F12.o(RESET)
 <LI><a href="#[50]">USB0_IRQHandler</a> from mbed/TARGET_K64F/TOOLCHAIN_ARM_STD/startup_MK64F12.o(.text) referenced from mbed/TARGET_K64F/TOOLCHAIN_ARM_STD/startup_MK64F12.o(RESET)
 <LI><a href="#[51]">USBDCD_IRQHandler</a> from mbed/TARGET_K64F/TOOLCHAIN_ARM_STD/startup_MK64F12.o(.text) referenced from mbed/TARGET_K64F/TOOLCHAIN_ARM_STD/startup_MK64F12.o(RESET)
 <LI><a href="#[16]">UsageFault_Handler</a> from mbed/TARGET_K64F/TOOLCHAIN_ARM_STD/startup_MK64F12.o(.text) referenced from mbed/TARGET_K64F/TOOLCHAIN_ARM_STD/startup_MK64F12.o(RESET)
 <LI><a href="#[31]">WDOG_EWM_IRQHandler</a> from mbed/TARGET_K64F/TOOLCHAIN_ARM_STD/startup_MK64F12.o(.text) referenced from mbed/TARGET_K64F/TOOLCHAIN_ARM_STD/startup_MK64F12.o(RESET)
 <LI><a href="#[bb]">DirectSerial::seek(long, int)</a> from mbed/TARGET_K64F/TOOLCHAIN_ARM_STD/mbed_retarget.o(i._ZN12DirectSerial4seekEli) referenced from mbed/TARGET_K64F/TOOLCHAIN_ARM_STD/mbed_retarget.o(.constdata__ZTV12DirectSerial)
 <LI><a href="#[be]">DirectSerial::size()</a> from mbed/TARGET_K64F/TOOLCHAIN_ARM_STD/mbed_retarget.o(i._ZN12DirectSerial4sizeEv) referenced from mbed/TARGET_K64F/TOOLCHAIN_ARM_STD/mbed_retarget.o(.constdata__ZTV12DirectSerial)
 <LI><a href="#[bc]">DirectSerial::close()</a> from mbed/TARGET_K64F/TOOLCHAIN_ARM_STD/mbed_retarget.o(i._ZN12DirectSerial5closeEv) referenced from mbed/TARGET_K64F/TOOLCHAIN_ARM_STD/mbed_retarget.o(.constdata__ZTV12DirectSerial)
 <LI><a href="#[ba]">DirectSerial::write(const void*, unsigned)</a> from mbed/TARGET_K64F/TOOLCHAIN_ARM_STD/mbed_retarget.o(i._ZN12DirectSerial5writeEPKvj) referenced from mbed/TARGET_K64F/TOOLCHAIN_ARM_STD/mbed_retarget.o(.constdata__ZTV12DirectSerial)
 <LI><a href="#[bd]">DirectSerial::isatty()</a> from mbed/TARGET_K64F/TOOLCHAIN_ARM_STD/mbed_retarget.o(i._ZN12DirectSerial6isattyEv) referenced from mbed/TARGET_K64F/TOOLCHAIN_ARM_STD/mbed_retarget.o(.constdata__ZTV12DirectSerial)
 <LI><a href="#[a4]">DirectSerial::~DirectSerial()</a> from mbed/TARGET_K64F/TOOLCHAIN_ARM_STD/mbed_retarget.o(i._ZN12DirectSerialD1Ev) referenced from mbed/TARGET_K64F/TOOLCHAIN_ARM_STD/mbed_retarget.o(.constdata__ZTV12DirectSerial)
 <LI><a href="#[a4]">DirectSerial::~DirectSerial()</a> from mbed/TARGET_K64F/TOOLCHAIN_ARM_STD/mbed_retarget.o(i._ZN12DirectSerialD1Ev) referenced from mbed/TARGET_K64F/TOOLCHAIN_ARM_STD/mbed_retarget.o(i._Z7get_fhci)
 <LI><a href="#[c1]">mbed::FileHandle::size()</a> from mbed/TARGET_K64F/TOOLCHAIN_ARM_STD/mbed.ar(FileHandle.o)(i._ZN4mbed10FileHandle4sizeEv) referenced from mbed/TARGET_K64F/TOOLCHAIN_ARM_STD/mbed.ar(FileHandle.o)(.constdata__ZTVN4mbed10FileHandleE)
 <LI><a href="#[c0]">mbed::FileHandle::isatty()</a> from mbed/TARGET_K64F/TOOLCHAIN_ARM_STD/mbed.ar(FileHandle.o)(i._ZN4mbed10FileHandle6isattyEv) referenced from mbed/TARGET_K64F/TOOLCHAIN_ARM_STD/mbed.ar(FileHandle.o)(.constdata__ZTVN4mbed10FileHandleE)
 <LI><a href="#[a7]">mbed::SerialBase::_irq_handler(unsigned, SerialIrq)</a> from mbed/TARGET_K64F/TOOLCHAIN_ARM_STD/mbed.ar(SerialBase.o)(i._ZN4mbed10SerialBase12_irq_handlerEj9SerialIrq) referenced from mbed/TARGET_K64F/TOOLCHAIN_ARM_STD/mbed.ar(SerialBase.o)(i._ZN4mbed10SerialBaseC1E7PinNameS1_i)
 <LI><a href="#[b2]">mbed::SerialBase::interrupt_handler_asynch()</a> from mbed/TARGET_K64F/TOOLCHAIN_ARM_STD/mbed.ar(SerialBase.o)(i._ZN4mbed10SerialBase24interrupt_handler_asynchEv) referenced from mbed/TARGET_K64F/TOOLCHAIN_ARM_STD/mbed.ar(SerialBase.o)(.constdata)
 <LI><a href="#[c2]">mbed::SerialBase::lock()</a> from mbed/TARGET_K64F/TOOLCHAIN_ARM_STD/mbed.ar(SerialBase.o)(i._ZN4mbed10SerialBase4lockEv) referenced from mbed/TARGET_K64F/TOOLCHAIN_ARM_STD/mbed.ar(SerialBase.o)(.constdata__ZTVN4mbed10SerialBaseE)
 <LI><a href="#[c3]">mbed::SerialBase::unlock()</a> from mbed/TARGET_K64F/TOOLCHAIN_ARM_STD/mbed.ar(SerialBase.o)(i._ZN4mbed10SerialBase6unlockEv) referenced from mbed/TARGET_K64F/TOOLCHAIN_ARM_STD/mbed.ar(SerialBase.o)(.constdata__ZTVN4mbed10SerialBaseE)
 <LI><a href="#[c4]">mbed::SerialBase::~SerialBase()</a> from mbed/TARGET_K64F/TOOLCHAIN_ARM_STD/mbed.ar(SerialBase.o)(i._ZN4mbed10SerialBaseD1Ev) referenced from mbed/TARGET_K64F/TOOLCHAIN_ARM_STD/mbed.ar(SerialBase.o)(.constdata__ZTVN4mbed10SerialBaseE)
 <LI><a href="#[aa]">mbed::Timer::~Timer()</a> from mbed/TARGET_K64F/TOOLCHAIN_ARM_STD/mbed.ar(Timer.o)(i._ZN4mbed5TimerD1Ev) referenced from .\build\main.o(i.__sti___8_main_cpp_gpo)
 <LI><a href="#[c5]">mbed::Serial::lock()</a> from mbed/TARGET_K64F/TOOLCHAIN_ARM_STD/mbed.ar(Serial.o)(i._ZN4mbed6Serial4lockEv) referenced from mbed/TARGET_K64F/TOOLCHAIN_ARM_STD/mbed.ar(Serial.o)(.constdata__ZTVN4mbed6SerialE)
 <LI><a href="#[c6]">mbed::Serial::unlock()</a> from mbed/TARGET_K64F/TOOLCHAIN_ARM_STD/mbed.ar(Serial.o)(i._ZN4mbed6Serial6unlockEv) referenced from mbed/TARGET_K64F/TOOLCHAIN_ARM_STD/mbed.ar(Serial.o)(.constdata__ZTVN4mbed6SerialE)
 <LI><a href="#[a9]">mbed::Serial::~Serial()</a> from mbed/TARGET_K64F/TOOLCHAIN_ARM_STD/mbed.ar(Serial.o)(i._ZN4mbed6SerialD1Ev) referenced from mbed/TARGET_K64F/TOOLCHAIN_ARM_STD/mbed.ar(Serial.o)(.constdata__ZTVN4mbed6SerialE)
 <LI><a href="#[a9]">mbed::Serial::~Serial()</a> from mbed/TARGET_K64F/TOOLCHAIN_ARM_STD/mbed.ar(Serial.o)(i._ZN4mbed6SerialD1Ev) referenced from .\build\main.o(i.__sti___8_main_cpp_gpo)
 <LI><a href="#[d0]">mbed::Stream::lock()</a> from mbed/TARGET_K64F/TOOLCHAIN_ARM_STD/mbed.ar(Stream.o)(i._ZN4mbed6Stream4lockEv) referenced from mbed/TARGET_K64F/TOOLCHAIN_ARM_STD/mbed.ar(Stream.o)(.constdata__ZTVN4mbed6StreamE)
 <LI><a href="#[c8]">mbed::Stream::seek(long, int)</a> from mbed/TARGET_K64F/TOOLCHAIN_ARM_STD/mbed.ar(Stream.o)(i._ZN4mbed6Stream4seekEli) referenced from mbed/TARGET_K64F/TOOLCHAIN_ARM_STD/mbed.ar(Serial.o)(.constdata__ZTVN4mbed6SerialE)
 <LI><a href="#[c8]">mbed::Stream::seek(long, int)</a> from mbed/TARGET_K64F/TOOLCHAIN_ARM_STD/mbed.ar(Stream.o)(i._ZN4mbed6Stream4seekEli) referenced from mbed/TARGET_K64F/TOOLCHAIN_ARM_STD/mbed.ar(Stream.o)(.constdata__ZTVN4mbed6StreamE)
 <LI><a href="#[cb]">mbed::Stream::size()</a> from mbed/TARGET_K64F/TOOLCHAIN_ARM_STD/mbed.ar(Stream.o)(i._ZN4mbed6Stream4sizeEv) referenced from mbed/TARGET_K64F/TOOLCHAIN_ARM_STD/mbed.ar(Serial.o)(.constdata__ZTVN4mbed6SerialE)
 <LI><a href="#[cb]">mbed::Stream::size()</a> from mbed/TARGET_K64F/TOOLCHAIN_ARM_STD/mbed.ar(Stream.o)(i._ZN4mbed6Stream4sizeEv) referenced from mbed/TARGET_K64F/TOOLCHAIN_ARM_STD/mbed.ar(Stream.o)(.constdata__ZTVN4mbed6StreamE)
 <LI><a href="#[c9]">mbed::Stream::close()</a> from mbed/TARGET_K64F/TOOLCHAIN_ARM_STD/mbed.ar(Stream.o)(i._ZN4mbed6Stream5closeEv) referenced from mbed/TARGET_K64F/TOOLCHAIN_ARM_STD/mbed.ar(Serial.o)(.constdata__ZTVN4mbed6SerialE)
 <LI><a href="#[c9]">mbed::Stream::close()</a> from mbed/TARGET_K64F/TOOLCHAIN_ARM_STD/mbed.ar(Stream.o)(i._ZN4mbed6Stream5closeEv) referenced from mbed/TARGET_K64F/TOOLCHAIN_ARM_STD/mbed.ar(Stream.o)(.constdata__ZTVN4mbed6StreamE)
 <LI><a href="#[c7]">mbed::Stream::write(const void*, unsigned)</a> from mbed/TARGET_K64F/TOOLCHAIN_ARM_STD/mbed.ar(Stream.o)(i._ZN4mbed6Stream5writeEPKvj) referenced from mbed/TARGET_K64F/TOOLCHAIN_ARM_STD/mbed.ar(Serial.o)(.constdata__ZTVN4mbed6SerialE)
 <LI><a href="#[c7]">mbed::Stream::write(const void*, unsigned)</a> from mbed/TARGET_K64F/TOOLCHAIN_ARM_STD/mbed.ar(Stream.o)(i._ZN4mbed6Stream5writeEPKvj) referenced from mbed/TARGET_K64F/TOOLCHAIN_ARM_STD/mbed.ar(Stream.o)(.constdata__ZTVN4mbed6StreamE)
 <LI><a href="#[ca]">mbed::Stream::isatty()</a> from mbed/TARGET_K64F/TOOLCHAIN_ARM_STD/mbed.ar(Stream.o)(i._ZN4mbed6Stream6isattyEv) referenced from mbed/TARGET_K64F/TOOLCHAIN_ARM_STD/mbed.ar(Serial.o)(.constdata__ZTVN4mbed6SerialE)
 <LI><a href="#[ca]">mbed::Stream::isatty()</a> from mbed/TARGET_K64F/TOOLCHAIN_ARM_STD/mbed.ar(Stream.o)(i._ZN4mbed6Stream6isattyEv) referenced from mbed/TARGET_K64F/TOOLCHAIN_ARM_STD/mbed.ar(Stream.o)(.constdata__ZTVN4mbed6StreamE)
 <LI><a href="#[d1]">mbed::Stream::unlock()</a> from mbed/TARGET_K64F/TOOLCHAIN_ARM_STD/mbed.ar(Stream.o)(i._ZN4mbed6Stream6unlockEv) referenced from mbed/TARGET_K64F/TOOLCHAIN_ARM_STD/mbed.ar(Stream.o)(.constdata__ZTVN4mbed6StreamE)
 <LI><a href="#[cf]">mbed::Stream::~Stream__sub_object()</a> from mbed/TARGET_K64F/TOOLCHAIN_ARM_STD/mbed.ar(Stream.o)(i._ZN4mbed6StreamD2Ev) referenced from mbed/TARGET_K64F/TOOLCHAIN_ARM_STD/mbed.ar(Stream.o)(.constdata__ZTVN4mbed6StreamE)
 <LI><a href="#[a8]">mbed::Callback&lang;void()&rang;::~Callback()</a> from mbed/TARGET_K64F/TOOLCHAIN_ARM_STD/mbed.ar(SerialBase.o)(t._ZN4mbed8CallbackIFvvEED1Ev) referenced from mbed/TARGET_K64F/TOOLCHAIN_ARM_STD/mbed.ar(SerialBase.o)(i._ZN4mbed10SerialBaseD1Ev)
 <LI><a href="#[d2]">mbed::FileBase::~FileBase()</a> from mbed/TARGET_K64F/TOOLCHAIN_ARM_STD/mbed.ar(FileBase.o)(i._ZN4mbed8FileBaseD1Ev) referenced from mbed/TARGET_K64F/TOOLCHAIN_ARM_STD/mbed.ar(FileBase.o)(.constdata__ZTVN4mbed8FileBaseE)
 <LI><a href="#[a5]">CThunk&lang;mbed::SerialBase&rang;::trampoline(mbed::SerialBase*, void*, void(mbed::SerialBase::**)(void*))</a> from mbed/TARGET_K64F/TOOLCHAIN_ARM_STD/mbed.ar(SerialBase.o)(t._ZN6CThunkIN4mbed10SerialBaseEE10trampolineEPS1_PvPMS1_FvS4_E) referenced from mbed/TARGET_K64F/TOOLCHAIN_ARM_STD/mbed.ar(SerialBase.o)(i._ZN4mbed10SerialBaseC1E7PinNameS1_i)
 <LI><a href="#[cd]">thunk{-300} to mbed::Serial::lock()</a> from mbed/TARGET_K64F/TOOLCHAIN_ARM_STD/mbed.ar(Serial.o)(i._ZThn300_N4mbed6Serial4lockEv) referenced from mbed/TARGET_K64F/TOOLCHAIN_ARM_STD/mbed.ar(Serial.o)(.constdata__ZTVN4mbed6SerialE)
 <LI><a href="#[cc]">thunk{-300} to mbed::Serial::_putc(int)</a> from mbed/TARGET_K64F/TOOLCHAIN_ARM_STD/mbed.ar(Serial.o)(i._ZThn300_N4mbed6Serial5_putcEi) referenced from mbed/TARGET_K64F/TOOLCHAIN_ARM_STD/mbed.ar(Serial.o)(.constdata__ZTVN4mbed6SerialE)
 <LI><a href="#[ce]">thunk{-300} to mbed::Serial::unlock()</a> from mbed/TARGET_K64F/TOOLCHAIN_ARM_STD/mbed.ar(Serial.o)(i._ZThn300_N4mbed6Serial6unlockEv) referenced from mbed/TARGET_K64F/TOOLCHAIN_ARM_STD/mbed.ar(Serial.o)(.constdata__ZTVN4mbed6SerialE)
 <LI><a href="#[bf]">__cxa_pure_virtual</a> from C:\Keil_v5\ARM\ARMCC\Bin\..\lib\cpplib\cpprt_w.l(pure_virt.o)(i.__cxa_pure_virtual) referenced 4 times from mbed/TARGET_K64F/TOOLCHAIN_ARM_STD/mbed.ar(FileHandle.o)(.constdata__ZTVN4mbed10FileHandleE)
 <LI><a href="#[bf]">__cxa_pure_virtual</a> from C:\Keil_v5\ARM\ARMCC\Bin\..\lib\cpplib\cpprt_w.l(pure_virt.o)(i.__cxa_pure_virtual) referenced 2 times from mbed/TARGET_K64F/TOOLCHAIN_ARM_STD/mbed.ar(Stream.o)(.constdata__ZTVN4mbed6StreamE)
 <LI><a href="#[d5]">__main</a> from C:\Keil_v5\ARM\ARMCC\Bin\..\lib\armlib\c_w.l(__main.o)(!!!main) referenced from mbed/TARGET_K64F/TOOLCHAIN_ARM_STD/startup_MK64F12.o(.text)
 <LI><a href="#[d3]">__sti___8_main_cpp_gpo</a> from .\build\main.o(i.__sti___8_main_cpp_gpo) referenced from .\build\main.o(.init_array)
 <LI><a href="#[a3]">_get_lc_ctype</a> from C:\Keil_v5\ARM\ARMCC\Bin\..\lib\armlib\c_w.l(lc_ctype_c.o)(locale$$code) referenced from C:\Keil_v5\ARM\ARMCC\Bin\..\lib\armlib\c_w.l(rt_ctype_table.o)(.text)
 <LI><a href="#[a1]">_printf_input_char</a> from C:\Keil_v5\ARM\ARMCC\Bin\..\lib\armlib\c_w.l(_printf_char_common.o)(.text) referenced from C:\Keil_v5\ARM\ARMCC\Bin\..\lib\armlib\c_w.l(_printf_char_common.o)(.text)
 <LI><a href="#[a0]">_snputc</a> from C:\Keil_v5\ARM\ARMCC\Bin\..\lib\armlib\c_w.l(_snputc.o)(.text) referenced from C:\Keil_v5\ARM\ARMCC\Bin\..\lib\armlib\c_w.l(vsnprintf.o)(.text)
 <LI><a href="#[a2]">fputc</a> from C:\Keil_v5\ARM\ARMCC\Bin\..\lib\armlib\c_w.l(fputc.o)(i.fputc) referenced from C:\Keil_v5\ARM\ARMCC\Bin\..\lib\armlib\c_w.l(_printf_char_file.o)(.text)
 <LI><a href="#[b1]">pit_isr</a> from mbed/TARGET_K64F/TOOLCHAIN_ARM_STD/us_ticker.o(i.pit_isr) referenced from mbed/TARGET_K64F/TOOLCHAIN_ARM_STD/us_ticker.o(i.us_ticker_init)
 <LI><a href="#[d4]">ticker_irq_handler</a> from mbed/TARGET_K64F/TOOLCHAIN_ARM_STD/mbed.ar(mbed_ticker_api.o)(i.ticker_irq_handler) referenced from mbed/TARGET_K64F/TOOLCHAIN_ARM_STD/mbed.ar(mbed_us_ticker_api.o)(.data)
 <LI><a href="#[ab]">uart0_irq</a> from mbed/TARGET_K64F/TOOLCHAIN_ARM_STD/serial_api.o(i.uart0_irq) referenced from mbed/TARGET_K64F/TOOLCHAIN_ARM_STD/serial_api.o(i.serial_irq_set)
 <LI><a href="#[ac]">uart1_irq</a> from mbed/TARGET_K64F/TOOLCHAIN_ARM_STD/serial_api.o(i.uart1_irq) referenced from mbed/TARGET_K64F/TOOLCHAIN_ARM_STD/serial_api.o(i.serial_irq_set)
 <LI><a href="#[ad]">uart2_irq</a> from mbed/TARGET_K64F/TOOLCHAIN_ARM_STD/serial_api.o(i.uart2_irq) referenced from mbed/TARGET_K64F/TOOLCHAIN_ARM_STD/serial_api.o(i.serial_irq_set)
 <LI><a href="#[ae]">uart3_irq</a> from mbed/TARGET_K64F/TOOLCHAIN_ARM_STD/serial_api.o(i.uart3_irq) referenced from mbed/TARGET_K64F/TOOLCHAIN_ARM_STD/serial_api.o(i.serial_irq_set)
 <LI><a href="#[af]">uart4_irq</a> from mbed/TARGET_K64F/TOOLCHAIN_ARM_STD/serial_api.o(i.uart4_irq) referenced from mbed/TARGET_K64F/TOOLCHAIN_ARM_STD/serial_api.o(i.serial_irq_set)
 <LI><a href="#[b0]">uart5_irq</a> from mbed/TARGET_K64F/TOOLCHAIN_ARM_STD/serial_api.o(i.uart5_irq) referenced from mbed/TARGET_K64F/TOOLCHAIN_ARM_STD/serial_api.o(i.serial_irq_set)
 <LI><a href="#[b6]">us_ticker_clear_interrupt</a> from mbed/TARGET_K64F/TOOLCHAIN_ARM_STD/us_ticker.o(i.us_ticker_clear_interrupt) referenced from mbed/TARGET_K64F/TOOLCHAIN_ARM_STD/mbed.ar(mbed_us_ticker_api.o)(.constdata)
 <LI><a href="#[b5]">us_ticker_disable_interrupt</a> from mbed/TARGET_K64F/TOOLCHAIN_ARM_STD/us_ticker.o(i.us_ticker_disable_interrupt) referenced from mbed/TARGET_K64F/TOOLCHAIN_ARM_STD/mbed.ar(mbed_us_ticker_api.o)(.constdata)
 <LI><a href="#[b8]">us_ticker_fire_interrupt</a> from mbed/TARGET_K64F/TOOLCHAIN_ARM_STD/us_ticker.o(i.us_ticker_fire_interrupt) referenced from mbed/TARGET_K64F/TOOLCHAIN_ARM_STD/mbed.ar(mbed_us_ticker_api.o)(.constdata)
 <LI><a href="#[b9]">us_ticker_get_info</a> from mbed/TARGET_K64F/TOOLCHAIN_ARM_STD/us_ticker.o(i.us_ticker_get_info) referenced from mbed/TARGET_K64F/TOOLCHAIN_ARM_STD/mbed.ar(mbed_us_ticker_api.o)(.constdata)
 <LI><a href="#[b3]">us_ticker_init</a> from mbed/TARGET_K64F/TOOLCHAIN_ARM_STD/us_ticker.o(i.us_ticker_init) referenced from mbed/TARGET_K64F/TOOLCHAIN_ARM_STD/mbed.ar(mbed_us_ticker_api.o)(.constdata)
 <LI><a href="#[b4]">us_ticker_read</a> from mbed/TARGET_K64F/TOOLCHAIN_ARM_STD/us_ticker.o(i.us_ticker_read) referenced from mbed/TARGET_K64F/TOOLCHAIN_ARM_STD/mbed.ar(mbed_us_ticker_api.o)(.constdata)
 <LI><a href="#[b7]">us_ticker_set_interrupt</a> from mbed/TARGET_K64F/TOOLCHAIN_ARM_STD/us_ticker.o(i.us_ticker_set_interrupt) referenced from mbed/TARGET_K64F/TOOLCHAIN_ARM_STD/mbed.ar(mbed_us_ticker_api.o)(.constdata)
</UL>
<P>
<H3>
Global Symbols
</H3>
<P><STRONG><a name="[d5]"></a>__main</STRONG> (Thumb, 8 bytes, Stack size 0 bytes, C:\Keil_v5\ARM\ARMCC\Bin\..\lib\armlib\c_w.l(__main.o)(!!!main))
<BR><BR>[Calls]<UL><LI><a href="#[d8]">&gt;&gt;</a>&nbsp;&nbsp;&nbsp;__rt_entry
<LI><a href="#[d7]">&gt;&gt;</a>&nbsp;&nbsp;&nbsp;__scatterload
</UL>

<P><STRONG><a name="[d7]"></a>__scatterload</STRONG> (Thumb, 0 bytes, Stack size unknown bytes, C:\Keil_v5\ARM\ARMCC\Bin\..\lib\armlib\c_w.l(__scatter.o)(!!!scatter))
<BR><BR>[Called By]<UL><LI><a href="#[d5]">&gt;&gt;</a>&nbsp;&nbsp;&nbsp;__main
</UL>

<P><STRONG><a name="[d9]"></a>__scatterload_rt2</STRONG> (Thumb, 44 bytes, Stack size unknown bytes, C:\Keil_v5\ARM\ARMCC\Bin\..\lib\armlib\c_w.l(__scatter.o)(!!!scatter), UNUSED)
<BR><BR>[Calls]<UL><LI><a href="#[d8]">&gt;&gt;</a>&nbsp;&nbsp;&nbsp;__rt_entry
</UL>

<P><STRONG><a name="[1e5]"></a>__scatterload_rt2_thumb_only</STRONG> (Thumb, 0 bytes, Stack size unknown bytes, C:\Keil_v5\ARM\ARMCC\Bin\..\lib\armlib\c_w.l(__scatter.o)(!!!scatter), UNUSED)

<P><STRONG><a name="[1e6]"></a>__scatterload_null</STRONG> (Thumb, 0 bytes, Stack size unknown bytes, C:\Keil_v5\ARM\ARMCC\Bin\..\lib\armlib\c_w.l(__scatter.o)(!!!scatter), UNUSED)

<P><STRONG><a name="[da]"></a>__scatterload_copy</STRONG> (Thumb, 26 bytes, Stack size unknown bytes, C:\Keil_v5\ARM\ARMCC\Bin\..\lib\armlib\c_w.l(__scatter_copy.o)(!!handler_copy), UNUSED)
<BR><BR>[Calls]<UL><LI><a href="#[da]">&gt;&gt;</a>&nbsp;&nbsp;&nbsp;__scatterload_copy
</UL>
<BR>[Called By]<UL><LI><a href="#[da]">&gt;&gt;</a>&nbsp;&nbsp;&nbsp;__scatterload_copy
</UL>

<P><STRONG><a name="[1e7]"></a>__scatterload_zeroinit</STRONG> (Thumb, 28 bytes, Stack size unknown bytes, C:\Keil_v5\ARM\ARMCC\Bin\..\lib\armlib\c_w.l(__scatter_zi.o)(!!handler_zi), UNUSED)

<P><STRONG><a name="[db]"></a>_printf_n</STRONG> (Thumb, 0 bytes, Stack size unknown bytes, C:\Keil_v5\ARM\ARMCC\Bin\..\lib\armlib\c_w.l(_printf_n.o)(.ARM.Collect$$_printf_percent$$00000001))
<BR><BR>[Calls]<UL><LI><a href="#[dc]">&gt;&gt;</a>&nbsp;&nbsp;&nbsp;_printf_charcount
</UL>

<P><STRONG><a name="[13f]"></a>_printf_percent</STRONG> (Thumb, 0 bytes, Stack size unknown bytes, C:\Keil_v5\ARM\ARMCC\Bin\..\lib\armlib\c_w.l(_printf_percent.o)(.ARM.Collect$$_printf_percent$$00000000))
<BR><BR>[Called By]<UL><LI><a href="#[137]">&gt;&gt;</a>&nbsp;&nbsp;&nbsp;__printf
</UL>

<P><STRONG><a name="[dd]"></a>_printf_p</STRONG> (Thumb, 0 bytes, Stack size unknown bytes, C:\Keil_v5\ARM\ARMCC\Bin\..\lib\armlib\c_w.l(_printf_p.o)(.ARM.Collect$$_printf_percent$$00000002))
<BR><BR>[Stack]<UL><LI>Max Depth = 64 + Unknown Stack Size
<LI>Call Chain = _printf_p &rArr; _printf_hex_ptr &rArr; _printf_longlong_hex &rArr; _printf_int_common &rArr; _printf_post_padding
</UL>
<BR>[Calls]<UL><LI><a href="#[de]">&gt;&gt;</a>&nbsp;&nbsp;&nbsp;_printf_hex_ptr
</UL>

<P><STRONG><a name="[df]"></a>_printf_f</STRONG> (Thumb, 0 bytes, Stack size unknown bytes, C:\Keil_v5\ARM\ARMCC\Bin\..\lib\armlib\c_w.l(_printf_f.o)(.ARM.Collect$$_printf_percent$$00000003))
<BR><BR>[Stack]<UL><LI>Max Depth = 324 + Unknown Stack Size
<LI>Call Chain = _printf_f &rArr; _printf_fp_dec &rArr; _printf_fp_dec_real &rArr; _fp_digits &rArr; _btod_etento &rArr; _btod_emul &rArr; _e2e
</UL>
<BR>[Calls]<UL><LI><a href="#[e0]">&gt;&gt;</a>&nbsp;&nbsp;&nbsp;_printf_fp_dec
</UL>

<P><STRONG><a name="[e1]"></a>_printf_e</STRONG> (Thumb, 0 bytes, Stack size unknown bytes, C:\Keil_v5\ARM\ARMCC\Bin\..\lib\armlib\c_w.l(_printf_e.o)(.ARM.Collect$$_printf_percent$$00000004))
<BR><BR>[Stack]<UL><LI>Max Depth = 324 + Unknown Stack Size
<LI>Call Chain = _printf_e &rArr; _printf_fp_dec &rArr; _printf_fp_dec_real &rArr; _fp_digits &rArr; _btod_etento &rArr; _btod_emul &rArr; _e2e
</UL>
<BR>[Calls]<UL><LI><a href="#[e0]">&gt;&gt;</a>&nbsp;&nbsp;&nbsp;_printf_fp_dec
</UL>

<P><STRONG><a name="[e2]"></a>_printf_g</STRONG> (Thumb, 0 bytes, Stack size unknown bytes, C:\Keil_v5\ARM\ARMCC\Bin\..\lib\armlib\c_w.l(_printf_g.o)(.ARM.Collect$$_printf_percent$$00000005))
<BR><BR>[Stack]<UL><LI>Max Depth = 324 + Unknown Stack Size
<LI>Call Chain = _printf_g &rArr; _printf_fp_dec &rArr; _printf_fp_dec_real &rArr; _fp_digits &rArr; _btod_etento &rArr; _btod_emul &rArr; _e2e
</UL>
<BR>[Calls]<UL><LI><a href="#[e0]">&gt;&gt;</a>&nbsp;&nbsp;&nbsp;_printf_fp_dec
</UL>

<P><STRONG><a name="[e3]"></a>_printf_a</STRONG> (Thumb, 0 bytes, Stack size unknown bytes, C:\Keil_v5\ARM\ARMCC\Bin\..\lib\armlib\c_w.l(_printf_a.o)(.ARM.Collect$$_printf_percent$$00000006))
<BR><BR>[Stack]<UL><LI>Max Depth = 112 + Unknown Stack Size
<LI>Call Chain = _printf_a &rArr; _printf_fp_hex &rArr; _printf_fp_hex_real &rArr; _printf_fp_infnan &rArr; _printf_post_padding
</UL>
<BR>[Calls]<UL><LI><a href="#[e4]">&gt;&gt;</a>&nbsp;&nbsp;&nbsp;_printf_fp_hex
</UL>

<P><STRONG><a name="[1e8]"></a>_printf_ll</STRONG> (Thumb, 0 bytes, Stack size unknown bytes, C:\Keil_v5\ARM\ARMCC\Bin\..\lib\armlib\c_w.l(_printf_ll.o)(.ARM.Collect$$_printf_percent$$00000007))

<P><STRONG><a name="[e5]"></a>_printf_i</STRONG> (Thumb, 0 bytes, Stack size unknown bytes, C:\Keil_v5\ARM\ARMCC\Bin\..\lib\armlib\c_w.l(_printf_i.o)(.ARM.Collect$$_printf_percent$$00000008))
<BR><BR>[Stack]<UL><LI>Max Depth = 72 + Unknown Stack Size
<LI>Call Chain = _printf_i &rArr; _printf_int_dec &rArr; _printf_int_common &rArr; _printf_post_padding
</UL>
<BR>[Calls]<UL><LI><a href="#[e6]">&gt;&gt;</a>&nbsp;&nbsp;&nbsp;_printf_int_dec
</UL>

<P><STRONG><a name="[e7]"></a>_printf_d</STRONG> (Thumb, 0 bytes, Stack size unknown bytes, C:\Keil_v5\ARM\ARMCC\Bin\..\lib\armlib\c_w.l(_printf_d.o)(.ARM.Collect$$_printf_percent$$00000009))
<BR><BR>[Stack]<UL><LI>Max Depth = 72 + Unknown Stack Size
<LI>Call Chain = _printf_d &rArr; _printf_int_dec &rArr; _printf_int_common &rArr; _printf_post_padding
</UL>
<BR>[Calls]<UL><LI><a href="#[e6]">&gt;&gt;</a>&nbsp;&nbsp;&nbsp;_printf_int_dec
</UL>

<P><STRONG><a name="[e8]"></a>_printf_u</STRONG> (Thumb, 0 bytes, Stack size unknown bytes, C:\Keil_v5\ARM\ARMCC\Bin\..\lib\armlib\c_w.l(_printf_u.o)(.ARM.Collect$$_printf_percent$$0000000A))
<BR><BR>[Stack]<UL><LI>Max Depth = 72 + Unknown Stack Size
<LI>Call Chain = _printf_u &rArr; _printf_int_dec &rArr; _printf_int_common &rArr; _printf_post_padding
</UL>
<BR>[Calls]<UL><LI><a href="#[e6]">&gt;&gt;</a>&nbsp;&nbsp;&nbsp;_printf_int_dec
</UL>

<P><STRONG><a name="[e9]"></a>_printf_o</STRONG> (Thumb, 0 bytes, Stack size unknown bytes, C:\Keil_v5\ARM\ARMCC\Bin\..\lib\armlib\c_w.l(_printf_o.o)(.ARM.Collect$$_printf_percent$$0000000B))
<BR><BR>[Stack]<UL><LI>Max Depth = 64 + Unknown Stack Size
<LI>Call Chain = _printf_o &rArr; _printf_int_oct &rArr; _printf_longlong_oct &rArr; _printf_int_common &rArr; _printf_post_padding
</UL>
<BR>[Calls]<UL><LI><a href="#[ea]">&gt;&gt;</a>&nbsp;&nbsp;&nbsp;_printf_int_oct
</UL>

<P><STRONG><a name="[eb]"></a>_printf_x</STRONG> (Thumb, 0 bytes, Stack size unknown bytes, C:\Keil_v5\ARM\ARMCC\Bin\..\lib\armlib\c_w.l(_printf_x.o)(.ARM.Collect$$_printf_percent$$0000000C))
<BR><BR>[Stack]<UL><LI>Max Depth = 80 + Unknown Stack Size
<LI>Call Chain = _printf_x &rArr; _printf_int_hex &rArr; _printf_longlong_hex &rArr; _printf_int_common &rArr; _printf_post_padding
</UL>
<BR>[Calls]<UL><LI><a href="#[ec]">&gt;&gt;</a>&nbsp;&nbsp;&nbsp;_printf_int_hex
</UL>

<P><STRONG><a name="[ed]"></a>_printf_lli</STRONG> (Thumb, 0 bytes, Stack size unknown bytes, C:\Keil_v5\ARM\ARMCC\Bin\..\lib\armlib\c_w.l(_printf_lli.o)(.ARM.Collect$$_printf_percent$$0000000D))
<BR><BR>[Stack]<UL><LI>Max Depth = 72 + Unknown Stack Size
<LI>Call Chain = _printf_lli &rArr; _printf_longlong_dec &rArr; _printf_int_common &rArr; _printf_post_padding
</UL>
<BR>[Calls]<UL><LI><a href="#[ee]">&gt;&gt;</a>&nbsp;&nbsp;&nbsp;_printf_longlong_dec
</UL>

<P><STRONG><a name="[ef]"></a>_printf_lld</STRONG> (Thumb, 0 bytes, Stack size unknown bytes, C:\Keil_v5\ARM\ARMCC\Bin\..\lib\armlib\c_w.l(_printf_lld.o)(.ARM.Collect$$_printf_percent$$0000000E))
<BR><BR>[Stack]<UL><LI>Max Depth = 72 + Unknown Stack Size
<LI>Call Chain = _printf_lld &rArr; _printf_longlong_dec &rArr; _printf_int_common &rArr; _printf_post_padding
</UL>
<BR>[Calls]<UL><LI><a href="#[ee]">&gt;&gt;</a>&nbsp;&nbsp;&nbsp;_printf_longlong_dec
</UL>

<P><STRONG><a name="[f0]"></a>_printf_llu</STRONG> (Thumb, 0 bytes, Stack size unknown bytes, C:\Keil_v5\ARM\ARMCC\Bin\..\lib\armlib\c_w.l(_printf_llu.o)(.ARM.Collect$$_printf_percent$$0000000F))
<BR><BR>[Stack]<UL><LI>Max Depth = 72 + Unknown Stack Size
<LI>Call Chain = _printf_llu &rArr; _printf_longlong_dec &rArr; _printf_int_common &rArr; _printf_post_padding
</UL>
<BR>[Calls]<UL><LI><a href="#[ee]">&gt;&gt;</a>&nbsp;&nbsp;&nbsp;_printf_longlong_dec
</UL>

<P><STRONG><a name="[f1]"></a>_printf_llo</STRONG> (Thumb, 0 bytes, Stack size unknown bytes, C:\Keil_v5\ARM\ARMCC\Bin\..\lib\armlib\c_w.l(_printf_llo.o)(.ARM.Collect$$_printf_percent$$00000010))
<BR><BR>[Stack]<UL><LI>Max Depth = 56 + Unknown Stack Size
<LI>Call Chain = _printf_llo &rArr; _printf_ll_oct &rArr; _printf_longlong_oct &rArr; _printf_int_common &rArr; _printf_post_padding
</UL>
<BR>[Calls]<UL><LI><a href="#[f2]">&gt;&gt;</a>&nbsp;&nbsp;&nbsp;_printf_ll_oct
</UL>

<P><STRONG><a name="[f3]"></a>_printf_llx</STRONG> (Thumb, 0 bytes, Stack size unknown bytes, C:\Keil_v5\ARM\ARMCC\Bin\..\lib\armlib\c_w.l(_printf_llx.o)(.ARM.Collect$$_printf_percent$$00000011))
<BR><BR>[Stack]<UL><LI>Max Depth = 64 + Unknown Stack Size
<LI>Call Chain = _printf_llx &rArr; _printf_ll_hex &rArr; _printf_longlong_hex &rArr; _printf_int_common &rArr; _printf_post_padding
</UL>
<BR>[Calls]<UL><LI><a href="#[f4]">&gt;&gt;</a>&nbsp;&nbsp;&nbsp;_printf_ll_hex
</UL>

<P><STRONG><a name="[1e9]"></a>_printf_l</STRONG> (Thumb, 0 bytes, Stack size unknown bytes, C:\Keil_v5\ARM\ARMCC\Bin\..\lib\armlib\c_w.l(_printf_l.o)(.ARM.Collect$$_printf_percent$$00000012))

<P><STRONG><a name="[f5]"></a>_printf_c</STRONG> (Thumb, 0 bytes, Stack size unknown bytes, C:\Keil_v5\ARM\ARMCC\Bin\..\lib\armlib\c_w.l(_printf_c.o)(.ARM.Collect$$_printf_percent$$00000013))
<BR><BR>[Stack]<UL><LI>Max Depth = 40 + Unknown Stack Size
<LI>Call Chain = _printf_c &rArr; _printf_char &rArr; _printf_cs_common &rArr; _printf_str &rArr; _printf_post_padding
</UL>
<BR>[Calls]<UL><LI><a href="#[f6]">&gt;&gt;</a>&nbsp;&nbsp;&nbsp;_printf_char
</UL>

<P><STRONG><a name="[f7]"></a>_printf_s</STRONG> (Thumb, 0 bytes, Stack size unknown bytes, C:\Keil_v5\ARM\ARMCC\Bin\..\lib\armlib\c_w.l(_printf_s.o)(.ARM.Collect$$_printf_percent$$00000014))
<BR><BR>[Stack]<UL><LI>Max Depth = 40 + Unknown Stack Size
<LI>Call Chain = _printf_s &rArr; _printf_string &rArr; _printf_cs_common &rArr; _printf_str &rArr; _printf_post_padding
</UL>
<BR>[Calls]<UL><LI><a href="#[f8]">&gt;&gt;</a>&nbsp;&nbsp;&nbsp;_printf_string
</UL>

<P><STRONG><a name="[f9]"></a>_printf_lc</STRONG> (Thumb, 0 bytes, Stack size unknown bytes, C:\Keil_v5\ARM\ARMCC\Bin\..\lib\armlib\c_w.l(_printf_lc.o)(.ARM.Collect$$_printf_percent$$00000015))
<BR><BR>[Stack]<UL><LI>Max Depth = 88 + Unknown Stack Size
<LI>Call Chain = _printf_lc &rArr; _printf_wchar &rArr; _printf_lcs_common &rArr; _printf_wctomb &rArr; _wcrtomb &rArr; __rt_ctype_table
</UL>
<BR>[Calls]<UL><LI><a href="#[fa]">&gt;&gt;</a>&nbsp;&nbsp;&nbsp;_printf_wchar
</UL>

<P><STRONG><a name="[fb]"></a>_printf_ls</STRONG> (Thumb, 0 bytes, Stack size unknown bytes, C:\Keil_v5\ARM\ARMCC\Bin\..\lib\armlib\c_w.l(_printf_ls.o)(.ARM.Collect$$_printf_percent$$00000016))
<BR><BR>[Stack]<UL><LI>Max Depth = 88 + Unknown Stack Size
<LI>Call Chain = _printf_ls &rArr; _printf_wstring &rArr; _printf_lcs_common &rArr; _printf_wctomb &rArr; _wcrtomb &rArr; __rt_ctype_table
</UL>
<BR>[Calls]<UL><LI><a href="#[fc]">&gt;&gt;</a>&nbsp;&nbsp;&nbsp;_printf_wstring
</UL>

<P><STRONG><a name="[1ea]"></a>_printf_percent_end</STRONG> (Thumb, 0 bytes, Stack size unknown bytes, C:\Keil_v5\ARM\ARMCC\Bin\..\lib\armlib\c_w.l(_printf_percent_end.o)(.ARM.Collect$$_printf_percent$$00000017))

<P><STRONG><a name="[10e]"></a>__rt_lib_init</STRONG> (Thumb, 0 bytes, Stack size unknown bytes, C:\Keil_v5\ARM\ARMCC\Bin\..\lib\armlib\c_w.l(libinit.o)(.ARM.Collect$$libinit$$00000000))
<BR><BR>[Called By]<UL><LI><a href="#[10d]">&gt;&gt;</a>&nbsp;&nbsp;&nbsp;__rt_entry_li
</UL>

<P><STRONG><a name="[fd]"></a>__rt_lib_init_fp_1</STRONG> (Thumb, 0 bytes, Stack size unknown bytes, C:\Keil_v5\ARM\ARMCC\Bin\..\lib\armlib\c_w.l(libinit2.o)(.ARM.Collect$$libinit$$00000001))
<BR><BR>[Calls]<UL><LI><a href="#[fe]">&gt;&gt;</a>&nbsp;&nbsp;&nbsp;_fp_init
</UL>

<P><STRONG><a name="[ff]"></a>__rt_lib_init_heap_2</STRONG> (Thumb, 0 bytes, Stack size unknown bytes, C:\Keil_v5\ARM\ARMCC\Bin\..\lib\armlib\c_w.l(libinit2.o)(.ARM.Collect$$libinit$$00000005))
<BR><BR>[Stack]<UL><LI>Max Depth = 64 + Unknown Stack Size
<LI>Call Chain = __rt_lib_init_heap_2 &rArr; _init_alloc &rArr; __rt_SIGRTMEM &rArr; __rt_SIGRTMEM_inner &rArr; __default_signal_display &rArr; _ttywrch
</UL>
<BR>[Calls]<UL><LI><a href="#[100]">&gt;&gt;</a>&nbsp;&nbsp;&nbsp;_init_alloc
</UL>

<P><STRONG><a name="[1eb]"></a>__rt_lib_init_preinit_1</STRONG> (Thumb, 0 bytes, Stack size unknown bytes, C:\Keil_v5\ARM\ARMCC\Bin\..\lib\armlib\c_w.l(libinit2.o)(.ARM.Collect$$libinit$$00000004))

<P><STRONG><a name="[1ec]"></a>__rt_lib_init_heap_1</STRONG> (Thumb, 0 bytes, Stack size unknown bytes, C:\Keil_v5\ARM\ARMCC\Bin\..\lib\armlib\c_w.l(libinit2.o)(.ARM.Collect$$libinit$$0000000A))

<P><STRONG><a name="[101]"></a>__rt_lib_init_lc_common</STRONG> (Thumb, 0 bytes, Stack size unknown bytes, C:\Keil_v5\ARM\ARMCC\Bin\..\lib\armlib\c_w.l(libinit2.o)(.ARM.Collect$$libinit$$0000000F))
<BR><BR>[Calls]<UL><LI><a href="#[102]">&gt;&gt;</a>&nbsp;&nbsp;&nbsp;__rt_locale
</UL>

<P><STRONG><a name="[1ed]"></a>__rt_lib_init_rand_1</STRONG> (Thumb, 0 bytes, Stack size unknown bytes, C:\Keil_v5\ARM\ARMCC\Bin\..\lib\armlib\c_w.l(libinit2.o)(.ARM.Collect$$libinit$$0000000E))

<P><STRONG><a name="[1ee]"></a>__rt_lib_init_user_alloc_1</STRONG> (Thumb, 0 bytes, Stack size unknown bytes, C:\Keil_v5\ARM\ARMCC\Bin\..\lib\armlib\c_w.l(libinit2.o)(.ARM.Collect$$libinit$$0000000C))

<P><STRONG><a name="[1ef]"></a>__rt_lib_init_lc_collate_1</STRONG> (Thumb, 0 bytes, Stack size unknown bytes, C:\Keil_v5\ARM\ARMCC\Bin\..\lib\armlib\c_w.l(libinit2.o)(.ARM.Collect$$libinit$$00000011))

<P><STRONG><a name="[103]"></a>__rt_lib_init_lc_ctype_2</STRONG> (Thumb, 0 bytes, Stack size unknown bytes, C:\Keil_v5\ARM\ARMCC\Bin\..\lib\armlib\c_w.l(libinit2.o)(.ARM.Collect$$libinit$$00000012))
<BR><BR>[Stack]<UL><LI>Max Depth = 8 + Unknown Stack Size
<LI>Call Chain = __rt_lib_init_lc_ctype_2 &rArr; _get_lc_ctype
</UL>
<BR>[Calls]<UL><LI><a href="#[a3]">&gt;&gt;</a>&nbsp;&nbsp;&nbsp;_get_lc_ctype
</UL>

<P><STRONG><a name="[1f0]"></a>__rt_lib_init_lc_ctype_1</STRONG> (Thumb, 0 bytes, Stack size unknown bytes, C:\Keil_v5\ARM\ARMCC\Bin\..\lib\armlib\c_w.l(libinit2.o)(.ARM.Collect$$libinit$$00000013))

<P><STRONG><a name="[1f1]"></a>__rt_lib_init_lc_monetary_1</STRONG> (Thumb, 0 bytes, Stack size unknown bytes, C:\Keil_v5\ARM\ARMCC\Bin\..\lib\armlib\c_w.l(libinit2.o)(.ARM.Collect$$libinit$$00000015))

<P><STRONG><a name="[104]"></a>__rt_lib_init_lc_numeric_2</STRONG> (Thumb, 0 bytes, Stack size unknown bytes, C:\Keil_v5\ARM\ARMCC\Bin\..\lib\armlib\c_w.l(libinit2.o)(.ARM.Collect$$libinit$$00000016))
<BR><BR>[Stack]<UL><LI>Max Depth = 8 + Unknown Stack Size
<LI>Call Chain = __rt_lib_init_lc_numeric_2 &rArr; _get_lc_numeric
</UL>
<BR>[Calls]<UL><LI><a href="#[105]">&gt;&gt;</a>&nbsp;&nbsp;&nbsp;_get_lc_numeric
</UL>

<P><STRONG><a name="[1f2]"></a>__rt_lib_init_atexit_1</STRONG> (Thumb, 0 bytes, Stack size unknown bytes, C:\Keil_v5\ARM\ARMCC\Bin\..\lib\armlib\c_w.l(libinit2.o)(.ARM.Collect$$libinit$$0000001B))

<P><STRONG><a name="[1f3]"></a>__rt_lib_init_clock_1</STRONG> (Thumb, 0 bytes, Stack size unknown bytes, C:\Keil_v5\ARM\ARMCC\Bin\..\lib\armlib\c_w.l(libinit2.o)(.ARM.Collect$$libinit$$00000021))

<P><STRONG><a name="[1f4]"></a>__rt_lib_init_fp_trap_1</STRONG> (Thumb, 0 bytes, Stack size unknown bytes, C:\Keil_v5\ARM\ARMCC\Bin\..\lib\armlib\c_w.l(libinit2.o)(.ARM.Collect$$libinit$$0000001F))

<P><STRONG><a name="[1f5]"></a>__rt_lib_init_getenv_1</STRONG> (Thumb, 0 bytes, Stack size unknown bytes, C:\Keil_v5\ARM\ARMCC\Bin\..\lib\armlib\c_w.l(libinit2.o)(.ARM.Collect$$libinit$$00000023))

<P><STRONG><a name="[1f6]"></a>__rt_lib_init_lc_numeric_1</STRONG> (Thumb, 0 bytes, Stack size unknown bytes, C:\Keil_v5\ARM\ARMCC\Bin\..\lib\armlib\c_w.l(libinit2.o)(.ARM.Collect$$libinit$$00000017))

<P><STRONG><a name="[1f7]"></a>__rt_lib_init_lc_time_1</STRONG> (Thumb, 0 bytes, Stack size unknown bytes, C:\Keil_v5\ARM\ARMCC\Bin\..\lib\armlib\c_w.l(libinit2.o)(.ARM.Collect$$libinit$$00000019))

<P><STRONG><a name="[1f8]"></a>__rt_lib_init_signal_1</STRONG> (Thumb, 0 bytes, Stack size unknown bytes, C:\Keil_v5\ARM\ARMCC\Bin\..\lib\armlib\c_w.l(libinit2.o)(.ARM.Collect$$libinit$$0000001D))

<P><STRONG><a name="[106]"></a>__rt_lib_init_stdio_2</STRONG> (Thumb, 0 bytes, Stack size unknown bytes, C:\Keil_v5\ARM\ARMCC\Bin\..\lib\armlib\c_w.l(libinit2.o)(.ARM.Collect$$libinit$$00000024))
<BR><BR>[Stack]<UL><LI>Max Depth = 608 + Unknown Stack Size
<LI>Call Chain = __rt_lib_init_stdio_2 &rArr; _initio &rArr; freopen &rArr; _fclose_internal &rArr; _fflush &rArr; _writebuf &rArr; _sys_write &rArr; get_fhc(int) &rArr; __cxa_guard_release &rArr; mbed_assert_internal &rArr; mbed_error_printf &rArr; serial_init &rArr;  mbed_assert_internal (Cycle)
</UL>
<BR>[Calls]<UL><LI><a href="#[107]">&gt;&gt;</a>&nbsp;&nbsp;&nbsp;_initio
</UL>

<P><STRONG><a name="[1f9]"></a>__rt_lib_init_alloca_1</STRONG> (Thumb, 0 bytes, Stack size unknown bytes, C:\Keil_v5\ARM\ARMCC\Bin\..\lib\armlib\c_w.l(libinit2.o)(.ARM.Collect$$libinit$$0000002E))

<P><STRONG><a name="[1fa]"></a>__rt_lib_init_argv_1</STRONG> (Thumb, 0 bytes, Stack size unknown bytes, C:\Keil_v5\ARM\ARMCC\Bin\..\lib\armlib\c_w.l(libinit2.o)(.ARM.Collect$$libinit$$0000002C))

<P><STRONG><a name="[108]"></a>__rt_lib_init_cpp_2</STRONG> (Thumb, 0 bytes, Stack size unknown bytes, C:\Keil_v5\ARM\ARMCC\Bin\..\lib\armlib\c_w.l(libinit2.o)(.ARM.Collect$$libinit$$00000031))
<BR><BR>[Stack]<UL><LI>Max Depth = 16 + Unknown Stack Size
<LI>Call Chain = __rt_lib_init_cpp_2 &rArr; __cpp_initialize__aeabi_
</UL>
<BR>[Calls]<UL><LI><a href="#[d6]">&gt;&gt;</a>&nbsp;&nbsp;&nbsp;__cpp_initialize__aeabi_
</UL>

<P><STRONG><a name="[1fb]"></a>__rt_lib_init_exceptions_1</STRONG> (Thumb, 0 bytes, Stack size unknown bytes, C:\Keil_v5\ARM\ARMCC\Bin\..\lib\armlib\c_w.l(libinit2.o)(.ARM.Collect$$libinit$$00000030))

<P><STRONG><a name="[1fc]"></a>__rt_lib_init_stdio_1</STRONG> (Thumb, 0 bytes, Stack size unknown bytes, C:\Keil_v5\ARM\ARMCC\Bin\..\lib\armlib\c_w.l(libinit2.o)(.ARM.Collect$$libinit$$00000025))

<P><STRONG><a name="[1fd]"></a>__rt_lib_init_cpp_1</STRONG> (Thumb, 0 bytes, Stack size unknown bytes, C:\Keil_v5\ARM\ARMCC\Bin\..\lib\armlib\c_w.l(libinit2.o)(.ARM.Collect$$libinit$$00000032))

<P><STRONG><a name="[1fe]"></a>__rt_lib_init_return</STRONG> (Thumb, 0 bytes, Stack size unknown bytes, C:\Keil_v5\ARM\ARMCC\Bin\..\lib\armlib\c_w.l(libinit2.o)(.ARM.Collect$$libinit$$00000033))

<P><STRONG><a name="[d8]"></a>__rt_entry</STRONG> (Thumb, 0 bytes, Stack size unknown bytes, C:\Keil_v5\ARM\ARMCC\Bin\..\lib\armlib\c_w.l(__rtentry.o)(.ARM.Collect$$rtentry$$00000000))
<BR><BR>[Called By]<UL><LI><a href="#[d5]">&gt;&gt;</a>&nbsp;&nbsp;&nbsp;__main
<LI><a href="#[d9]">&gt;&gt;</a>&nbsp;&nbsp;&nbsp;__scatterload_rt2
</UL>

<P><STRONG><a name="[1ff]"></a>__rt_entry_presh_1</STRONG> (Thumb, 0 bytes, Stack size unknown bytes, C:\Keil_v5\ARM\ARMCC\Bin\..\lib\armlib\c_w.l(__rtentry2.o)(.ARM.Collect$$rtentry$$00000002))

<P><STRONG><a name="[109]"></a>__rt_entry_sh</STRONG> (Thumb, 0 bytes, Stack size unknown bytes, C:\Keil_v5\ARM\ARMCC\Bin\..\lib\armlib\c_w.l(__rtentry4.o)(.ARM.Collect$$rtentry$$00000004))
<BR><BR>[Stack]<UL><LI>Max Depth = 8 + Unknown Stack Size
<LI>Call Chain = __rt_entry_sh &rArr; __user_setup_stackheap
</UL>
<BR>[Calls]<UL><LI><a href="#[10a]">&gt;&gt;</a>&nbsp;&nbsp;&nbsp;__user_setup_stackheap
</UL>

<P><STRONG><a name="[200]"></a>__rt_lib_shutdown_stdio_2</STRONG> (Thumb, 0 bytes, Stack size unknown bytes, C:\Keil_v5\ARM\ARMCC\Bin\..\lib\armlib\c_w.l(libshutdown2.o)(.ARM.Collect$$libshutdown$$00000004))

<P><STRONG><a name="[10b]"></a>__rt_entry_postsh_1</STRONG> (Thumb, 0 bytes, Stack size unknown bytes, C:\Keil_v5\ARM\ARMCC\Bin\..\lib\armlib\c_w.l(__rtentry2.o)(.ARM.Collect$$rtentry$$00000008))
<BR><BR>[Stack]<UL><LI>Max Depth = 640 + Unknown Stack Size
<LI>Call Chain = __rt_entry_postsh_1 &rArr; _platform_post_stackheap_init &rArr; mbed_sdk_init &rArr; BOARD_BootClockRUN &rArr; CLOCK_BootToPeeMode &rArr; CLOCK_SetPbeMode &rArr; __aeabi_assert &rArr; __assert_puts &rArr; fflush &rArr; _do_fflush &rArr; _fflush &rArr; _writebuf &rArr; _sys_write &rArr; get_fhc(int) &rArr; __cxa_guard_release &rArr; mbed_assert_internal &rArr; mbed_error_printf &rArr; serial_init &rArr;  mbed_assert_internal (Cycle)
</UL>
<BR>[Calls]<UL><LI><a href="#[10c]">&gt;&gt;</a>&nbsp;&nbsp;&nbsp;_platform_post_stackheap_init
</UL>

<P><STRONG><a name="[10d]"></a>__rt_entry_li</STRONG> (Thumb, 0 bytes, Stack size unknown bytes, C:\Keil_v5\ARM\ARMCC\Bin\..\lib\armlib\c_w.l(__rtentry2.o)(.ARM.Collect$$rtentry$$0000000A))
<BR><BR>[Calls]<UL><LI><a href="#[10e]">&gt;&gt;</a>&nbsp;&nbsp;&nbsp;__rt_lib_init
</UL>

<P><STRONG><a name="[10f]"></a>__rt_entry_main</STRONG> (Thumb, 0 bytes, Stack size unknown bytes, C:\Keil_v5\ARM\ARMCC\Bin\..\lib\armlib\c_w.l(__rtentry2.o)(.ARM.Collect$$rtentry$$0000000D))
<BR><BR>[Stack]<UL><LI>Max Depth = 624 + Unknown Stack Size
<LI>Call Chain = __rt_entry_main &rArr; main &rArr; $Super$$main &rArr; mbed::Stream::printf(const char*, ...) &rArr; fflush &rArr; _do_fflush &rArr; _fflush &rArr; _writebuf &rArr; _sys_write &rArr; get_fhc(int) &rArr; __cxa_guard_release &rArr; mbed_assert_internal &rArr; mbed_error_printf &rArr; serial_init &rArr;  mbed_assert_internal (Cycle)
</UL>
<BR>[Calls]<UL><LI><a href="#[110]">&gt;&gt;</a>&nbsp;&nbsp;&nbsp;main
<LI><a href="#[111]">&gt;&gt;</a>&nbsp;&nbsp;&nbsp;exit
</UL>

<P><STRONG><a name="[201]"></a>__rt_entry_postli_1</STRONG> (Thumb, 0 bytes, Stack size unknown bytes, C:\Keil_v5\ARM\ARMCC\Bin\..\lib\armlib\c_w.l(__rtentry2.o)(.ARM.Collect$$rtentry$$0000000C))

<P><STRONG><a name="[11]"></a>Reset_Handler</STRONG> (Thumb, 18 bytes, Stack size 0 bytes, mbed/TARGET_K64F/TOOLCHAIN_ARM_STD/startup_MK64F12.o(.text))
<BR>[Address Reference Count : 1]<UL><LI> startup_MK64F12.o(RESET)
</UL>
<P><STRONG><a name="[202]"></a>_maybe_terminate_alloc</STRONG> (Thumb, 0 bytes, Stack size 0 bytes, C:\Keil_v5\ARM\ARMCC\Bin\..\lib\armlib\c_w.l(maybetermalloc1.o)(.emb_text), UNUSED)

<P><STRONG><a name="[13]"></a>HardFault_Handler</STRONG> (Thumb, 2 bytes, Stack size 0 bytes, mbed/TARGET_K64F/TOOLCHAIN_ARM_STD/startup_MK64F12.o(.text))
<BR><BR>[Calls]<UL><LI><a href="#[13]">&gt;&gt;</a>&nbsp;&nbsp;&nbsp;HardFault_Handler
</UL>
<BR>[Called By]<UL><LI><a href="#[13]">&gt;&gt;</a>&nbsp;&nbsp;&nbsp;HardFault_Handler
</UL>
<BR>[Address Reference Count : 1]<UL><LI> startup_MK64F12.o(RESET)
</UL>
<P><STRONG><a name="[14]"></a>MemManage_Handler</STRONG> (Thumb, 2 bytes, Stack size 0 bytes, mbed/TARGET_K64F/TOOLCHAIN_ARM_STD/startup_MK64F12.o(.text))
<BR><BR>[Calls]<UL><LI><a href="#[14]">&gt;&gt;</a>&nbsp;&nbsp;&nbsp;MemManage_Handler
</UL>
<BR>[Called By]<UL><LI><a href="#[14]">&gt;&gt;</a>&nbsp;&nbsp;&nbsp;MemManage_Handler
</UL>
<BR>[Address Reference Count : 1]<UL><LI> startup_MK64F12.o(RESET)
</UL>
<P><STRONG><a name="[15]"></a>BusFault_Handler</STRONG> (Thumb, 2 bytes, Stack size 0 bytes, mbed/TARGET_K64F/TOOLCHAIN_ARM_STD/startup_MK64F12.o(.text))
<BR><BR>[Calls]<UL><LI><a href="#[15]">&gt;&gt;</a>&nbsp;&nbsp;&nbsp;BusFault_Handler
</UL>
<BR>[Called By]<UL><LI><a href="#[15]">&gt;&gt;</a>&nbsp;&nbsp;&nbsp;BusFault_Handler
</UL>
<BR>[Address Reference Count : 1]<UL><LI> startup_MK64F12.o(RESET)
</UL>
<P><STRONG><a name="[16]"></a>UsageFault_Handler</STRONG> (Thumb, 2 bytes, Stack size 0 bytes, mbed/TARGET_K64F/TOOLCHAIN_ARM_STD/startup_MK64F12.o(.text))
<BR><BR>[Calls]<UL><LI><a href="#[16]">&gt;&gt;</a>&nbsp;&nbsp;&nbsp;UsageFault_Handler
</UL>
<BR>[Called By]<UL><LI><a href="#[16]">&gt;&gt;</a>&nbsp;&nbsp;&nbsp;UsageFault_Handler
</UL>
<BR>[Address Reference Count : 1]<UL><LI> startup_MK64F12.o(RESET)
</UL>
<P><STRONG><a name="[17]"></a>SVC_Handler</STRONG> (Thumb, 2 bytes, Stack size 0 bytes, mbed/TARGET_K64F/TOOLCHAIN_ARM_STD/startup_MK64F12.o(.text))
<BR><BR>[Calls]<UL><LI><a href="#[17]">&gt;&gt;</a>&nbsp;&nbsp;&nbsp;SVC_Handler
</UL>
<BR>[Called By]<UL><LI><a href="#[17]">&gt;&gt;</a>&nbsp;&nbsp;&nbsp;SVC_Handler
</UL>
<BR>[Address Reference Count : 1]<UL><LI> startup_MK64F12.o(RESET)
</UL>
<P><STRONG><a name="[18]"></a>DebugMon_Handler</STRONG> (Thumb, 2 bytes, Stack size 0 bytes, mbed/TARGET_K64F/TOOLCHAIN_ARM_STD/startup_MK64F12.o(.text))
<BR><BR>[Calls]<UL><LI><a href="#[18]">&gt;&gt;</a>&nbsp;&nbsp;&nbsp;DebugMon_Handler
</UL>
<BR>[Called By]<UL><LI><a href="#[18]">&gt;&gt;</a>&nbsp;&nbsp;&nbsp;DebugMon_Handler
</UL>
<BR>[Address Reference Count : 1]<UL><LI> startup_MK64F12.o(RESET)
</UL>
<P><STRONG><a name="[19]"></a>PendSV_Handler</STRONG> (Thumb, 2 bytes, Stack size 0 bytes, mbed/TARGET_K64F/TOOLCHAIN_ARM_STD/startup_MK64F12.o(.text))
<BR><BR>[Calls]<UL><LI><a href="#[19]">&gt;&gt;</a>&nbsp;&nbsp;&nbsp;PendSV_Handler
</UL>
<BR>[Called By]<UL><LI><a href="#[19]">&gt;&gt;</a>&nbsp;&nbsp;&nbsp;PendSV_Handler
</UL>
<BR>[Address Reference Count : 1]<UL><LI> startup_MK64F12.o(RESET)
</UL>
<P><STRONG><a name="[1a]"></a>SysTick_Handler</STRONG> (Thumb, 2 bytes, Stack size 0 bytes, mbed/TARGET_K64F/TOOLCHAIN_ARM_STD/startup_MK64F12.o(.text))
<BR><BR>[Calls]<UL><LI><a href="#[1a]">&gt;&gt;</a>&nbsp;&nbsp;&nbsp;SysTick_Handler
</UL>
<BR>[Called By]<UL><LI><a href="#[1a]">&gt;&gt;</a>&nbsp;&nbsp;&nbsp;SysTick_Handler
</UL>
<BR>[Address Reference Count : 1]<UL><LI> startup_MK64F12.o(RESET)
</UL>
<P><STRONG><a name="[1b]"></a>DMA0_IRQHandler</STRONG> (Thumb, 4 bytes, Stack size 0 bytes, mbed/TARGET_K64F/TOOLCHAIN_ARM_STD/startup_MK64F12.o(.text))
<BR>[Address Reference Count : 1]<UL><LI> startup_MK64F12.o(RESET)
</UL>
<P><STRONG><a name="[1c]"></a>DMA1_IRQHandler</STRONG> (Thumb, 4 bytes, Stack size 0 bytes, mbed/TARGET_K64F/TOOLCHAIN_ARM_STD/startup_MK64F12.o(.text))
<BR>[Address Reference Count : 1]<UL><LI> startup_MK64F12.o(RESET)
</UL>
<P><STRONG><a name="[1d]"></a>DMA2_IRQHandler</STRONG> (Thumb, 4 bytes, Stack size 0 bytes, mbed/TARGET_K64F/TOOLCHAIN_ARM_STD/startup_MK64F12.o(.text))
<BR>[Address Reference Count : 1]<UL><LI> startup_MK64F12.o(RESET)
</UL>
<P><STRONG><a name="[1e]"></a>DMA3_IRQHandler</STRONG> (Thumb, 4 bytes, Stack size 0 bytes, mbed/TARGET_K64F/TOOLCHAIN_ARM_STD/startup_MK64F12.o(.text))
<BR>[Address Reference Count : 1]<UL><LI> startup_MK64F12.o(RESET)
</UL>
<P><STRONG><a name="[1f]"></a>DMA4_IRQHandler</STRONG> (Thumb, 4 bytes, Stack size 0 bytes, mbed/TARGET_K64F/TOOLCHAIN_ARM_STD/startup_MK64F12.o(.text))
<BR>[Address Reference Count : 1]<UL><LI> startup_MK64F12.o(RESET)
</UL>
<P><STRONG><a name="[20]"></a>DMA5_IRQHandler</STRONG> (Thumb, 4 bytes, Stack size 0 bytes, mbed/TARGET_K64F/TOOLCHAIN_ARM_STD/startup_MK64F12.o(.text))
<BR>[Address Reference Count : 1]<UL><LI> startup_MK64F12.o(RESET)
</UL>
<P><STRONG><a name="[21]"></a>DMA6_IRQHandler</STRONG> (Thumb, 4 bytes, Stack size 0 bytes, mbed/TARGET_K64F/TOOLCHAIN_ARM_STD/startup_MK64F12.o(.text))
<BR>[Address Reference Count : 1]<UL><LI> startup_MK64F12.o(RESET)
</UL>
<P><STRONG><a name="[22]"></a>DMA7_IRQHandler</STRONG> (Thumb, 4 bytes, Stack size 0 bytes, mbed/TARGET_K64F/TOOLCHAIN_ARM_STD/startup_MK64F12.o(.text))
<BR>[Address Reference Count : 1]<UL><LI> startup_MK64F12.o(RESET)
</UL>
<P><STRONG><a name="[23]"></a>DMA8_IRQHandler</STRONG> (Thumb, 4 bytes, Stack size 0 bytes, mbed/TARGET_K64F/TOOLCHAIN_ARM_STD/startup_MK64F12.o(.text))
<BR>[Address Reference Count : 1]<UL><LI> startup_MK64F12.o(RESET)
</UL>
<P><STRONG><a name="[24]"></a>DMA9_IRQHandler</STRONG> (Thumb, 4 bytes, Stack size 0 bytes, mbed/TARGET_K64F/TOOLCHAIN_ARM_STD/startup_MK64F12.o(.text))
<BR>[Address Reference Count : 1]<UL><LI> startup_MK64F12.o(RESET)
</UL>
<P><STRONG><a name="[25]"></a>DMA10_IRQHandler</STRONG> (Thumb, 4 bytes, Stack size 0 bytes, mbed/TARGET_K64F/TOOLCHAIN_ARM_STD/startup_MK64F12.o(.text))
<BR>[Address Reference Count : 1]<UL><LI> startup_MK64F12.o(RESET)
</UL>
<P><STRONG><a name="[26]"></a>DMA11_IRQHandler</STRONG> (Thumb, 4 bytes, Stack size 0 bytes, mbed/TARGET_K64F/TOOLCHAIN_ARM_STD/startup_MK64F12.o(.text))
<BR>[Address Reference Count : 1]<UL><LI> startup_MK64F12.o(RESET)
</UL>
<P><STRONG><a name="[27]"></a>DMA12_IRQHandler</STRONG> (Thumb, 4 bytes, Stack size 0 bytes, mbed/TARGET_K64F/TOOLCHAIN_ARM_STD/startup_MK64F12.o(.text))
<BR>[Address Reference Count : 1]<UL><LI> startup_MK64F12.o(RESET)
</UL>
<P><STRONG><a name="[28]"></a>DMA13_IRQHandler</STRONG> (Thumb, 4 bytes, Stack size 0 bytes, mbed/TARGET_K64F/TOOLCHAIN_ARM_STD/startup_MK64F12.o(.text))
<BR>[Address Reference Count : 1]<UL><LI> startup_MK64F12.o(RESET)
</UL>
<P><STRONG><a name="[29]"></a>DMA14_IRQHandler</STRONG> (Thumb, 4 bytes, Stack size 0 bytes, mbed/TARGET_K64F/TOOLCHAIN_ARM_STD/startup_MK64F12.o(.text))
<BR>[Address Reference Count : 1]<UL><LI> startup_MK64F12.o(RESET)
</UL>
<P><STRONG><a name="[2a]"></a>DMA15_IRQHandler</STRONG> (Thumb, 4 bytes, Stack size 0 bytes, mbed/TARGET_K64F/TOOLCHAIN_ARM_STD/startup_MK64F12.o(.text))
<BR>[Address Reference Count : 1]<UL><LI> startup_MK64F12.o(RESET)
</UL>
<P><STRONG><a name="[2b]"></a>DMA_Error_IRQHandler</STRONG> (Thumb, 4 bytes, Stack size 0 bytes, mbed/TARGET_K64F/TOOLCHAIN_ARM_STD/startup_MK64F12.o(.text))
<BR>[Address Reference Count : 1]<UL><LI> startup_MK64F12.o(RESET)
</UL>
<P><STRONG><a name="[33]"></a>I2C0_IRQHandler</STRONG> (Thumb, 4 bytes, Stack size 0 bytes, mbed/TARGET_K64F/TOOLCHAIN_ARM_STD/startup_MK64F12.o(.text))
<BR>[Address Reference Count : 1]<UL><LI> startup_MK64F12.o(RESET)
</UL>
<P><STRONG><a name="[34]"></a>I2C1_IRQHandler</STRONG> (Thumb, 4 bytes, Stack size 0 bytes, mbed/TARGET_K64F/TOOLCHAIN_ARM_STD/startup_MK64F12.o(.text))
<BR>[Address Reference Count : 1]<UL><LI> startup_MK64F12.o(RESET)
</UL>
<P><STRONG><a name="[35]"></a>SPI0_IRQHandler</STRONG> (Thumb, 4 bytes, Stack size 0 bytes, mbed/TARGET_K64F/TOOLCHAIN_ARM_STD/startup_MK64F12.o(.text))
<BR>[Address Reference Count : 1]<UL><LI> startup_MK64F12.o(RESET)
</UL>
<P><STRONG><a name="[36]"></a>SPI1_IRQHandler</STRONG> (Thumb, 4 bytes, Stack size 0 bytes, mbed/TARGET_K64F/TOOLCHAIN_ARM_STD/startup_MK64F12.o(.text))
<BR>[Address Reference Count : 1]<UL><LI> startup_MK64F12.o(RESET)
</UL>
<P><STRONG><a name="[37]"></a>I2S0_Tx_IRQHandler</STRONG> (Thumb, 4 bytes, Stack size 0 bytes, mbed/TARGET_K64F/TOOLCHAIN_ARM_STD/startup_MK64F12.o(.text))
<BR>[Address Reference Count : 1]<UL><LI> startup_MK64F12.o(RESET)
</UL>
<P><STRONG><a name="[38]"></a>I2S0_Rx_IRQHandler</STRONG> (Thumb, 4 bytes, Stack size 0 bytes, mbed/TARGET_K64F/TOOLCHAIN_ARM_STD/startup_MK64F12.o(.text))
<BR>[Address Reference Count : 1]<UL><LI> startup_MK64F12.o(RESET)
</UL>
<P><STRONG><a name="[39]"></a>UART0_LON_IRQHandler</STRONG> (Thumb, 4 bytes, Stack size 0 bytes, mbed/TARGET_K64F/TOOLCHAIN_ARM_STD/startup_MK64F12.o(.text))
<BR>[Address Reference Count : 1]<UL><LI> startup_MK64F12.o(RESET)
</UL>
<P><STRONG><a name="[3a]"></a>UART0_RX_TX_IRQHandler</STRONG> (Thumb, 4 bytes, Stack size 0 bytes, mbed/TARGET_K64F/TOOLCHAIN_ARM_STD/startup_MK64F12.o(.text))
<BR>[Address Reference Count : 1]<UL><LI> startup_MK64F12.o(RESET)
</UL>
<P><STRONG><a name="[3b]"></a>UART0_ERR_IRQHandler</STRONG> (Thumb, 4 bytes, Stack size 0 bytes, mbed/TARGET_K64F/TOOLCHAIN_ARM_STD/startup_MK64F12.o(.text))
<BR>[Address Reference Count : 1]<UL><LI> startup_MK64F12.o(RESET)
</UL>
<P><STRONG><a name="[3c]"></a>UART1_RX_TX_IRQHandler</STRONG> (Thumb, 4 bytes, Stack size 0 bytes, mbed/TARGET_K64F/TOOLCHAIN_ARM_STD/startup_MK64F12.o(.text))
<BR>[Address Reference Count : 1]<UL><LI> startup_MK64F12.o(RESET)
</UL>
<P><STRONG><a name="[3d]"></a>UART1_ERR_IRQHandler</STRONG> (Thumb, 4 bytes, Stack size 0 bytes, mbed/TARGET_K64F/TOOLCHAIN_ARM_STD/startup_MK64F12.o(.text))
<BR>[Address Reference Count : 1]<UL><LI> startup_MK64F12.o(RESET)
</UL>
<P><STRONG><a name="[3e]"></a>UART2_RX_TX_IRQHandler</STRONG> (Thumb, 4 bytes, Stack size 0 bytes, mbed/TARGET_K64F/TOOLCHAIN_ARM_STD/startup_MK64F12.o(.text))
<BR>[Address Reference Count : 1]<UL><LI> startup_MK64F12.o(RESET)
</UL>
<P><STRONG><a name="[3f]"></a>UART2_ERR_IRQHandler</STRONG> (Thumb, 4 bytes, Stack size 0 bytes, mbed/TARGET_K64F/TOOLCHAIN_ARM_STD/startup_MK64F12.o(.text))
<BR>[Address Reference Count : 1]<UL><LI> startup_MK64F12.o(RESET)
</UL>
<P><STRONG><a name="[40]"></a>UART3_RX_TX_IRQHandler</STRONG> (Thumb, 4 bytes, Stack size 0 bytes, mbed/TARGET_K64F/TOOLCHAIN_ARM_STD/startup_MK64F12.o(.text))
<BR>[Address Reference Count : 1]<UL><LI> startup_MK64F12.o(RESET)
</UL>
<P><STRONG><a name="[41]"></a>UART3_ERR_IRQHandler</STRONG> (Thumb, 4 bytes, Stack size 0 bytes, mbed/TARGET_K64F/TOOLCHAIN_ARM_STD/startup_MK64F12.o(.text))
<BR>[Address Reference Count : 1]<UL><LI> startup_MK64F12.o(RESET)
</UL>
<P><STRONG><a name="[5c]"></a>SPI2_IRQHandler</STRONG> (Thumb, 4 bytes, Stack size 0 bytes, mbed/TARGET_K64F/TOOLCHAIN_ARM_STD/startup_MK64F12.o(.text))
<BR>[Address Reference Count : 1]<UL><LI> startup_MK64F12.o(RESET)
</UL>
<P><STRONG><a name="[5d]"></a>UART4_RX_TX_IRQHandler</STRONG> (Thumb, 4 bytes, Stack size 0 bytes, mbed/TARGET_K64F/TOOLCHAIN_ARM_STD/startup_MK64F12.o(.text))
<BR>[Address Reference Count : 1]<UL><LI> startup_MK64F12.o(RESET)
</UL>
[...]
<BR><BR>[Stack]<UL><LI>Max Depth = 16<LI>Call Chain = uart2_irq
</UL>
<BR>[Address Reference Count : 1]<UL><LI> serial_api.o(i.serial_irq_set)
</UL>
<P><STRONG><a name="[ae]"></a>uart3_irq</STRONG> (Thumb, 66 bytes, Stack size 16 bytes, mbed/TARGET_K64F/TOOLCHAIN_ARM_STD/serial_api.o(i.uart3_irq))
<BR><BR>[Stack]<UL><LI>Max Depth = 16<LI>Call Chain = uart3_irq
</UL>
<BR>[Address Reference Count : 1]<UL><LI> serial_api.o(i.serial_irq_set)
</UL>
<P><STRONG><a name="[af]"></a>uart4_irq</STRONG> (Thumb, 66 bytes, Stack size 16 bytes, mbed/TARGET_K64F/TOOLCHAIN_ARM_STD/serial_api.o(i.uart4_irq))
<BR><BR>[Stack]<UL><LI>Max Depth = 16<LI>Call Chain = uart4_irq
</UL>
<BR>[Address Reference Count : 1]<UL><LI> serial_api.o(i.serial_irq_set)
</UL>
<P><STRONG><a name="[b0]"></a>uart5_irq</STRONG> (Thumb, 66 bytes, Stack size 16 bytes, mbed/TARGET_K64F/TOOLCHAIN_ARM_STD/serial_api.o(i.uart5_irq))
<BR><BR>[Stack]<UL><LI>Max Depth = 16<LI>Call Chain = uart5_irq
</UL>
<BR>[Address Reference Count : 1]<UL><LI> serial_api.o(i.serial_irq_set)
</UL>
<P><STRONG><a name="[b6]"></a>us_ticker_clear_interrupt</STRONG> (Thumb, 10 bytes, Stack size 0 bytes, mbed/TARGET_K64F/TOOLCHAIN_ARM_STD/us_ticker.o(i.us_ticker_clear_interrupt))
<BR>[Address Reference Count : 1]<UL><LI> mbed_us_ticker_api.o(.constdata)
</UL>
<P><STRONG><a name="[b5]"></a>us_ticker_disable_interrupt</STRONG> (Thumb, 16 bytes, Stack size 0 bytes, mbed/TARGET_K64F/TOOLCHAIN_ARM_STD/us_ticker.o(i.us_ticker_disable_interrupt))
<BR>[Address Reference Count : 1]<UL><LI> mbed_us_ticker_api.o(.constdata)
</UL>
<P><STRONG><a name="[b8]"></a>us_ticker_fire_interrupt</STRONG> (Thumb, 12 bytes, Stack size 0 bytes, mbed/TARGET_K64F/TOOLCHAIN_ARM_STD/us_ticker.o(i.us_ticker_fire_interrupt))
<BR>[Address Reference Count : 1]<UL><LI> mbed_us_ticker_api.o(.constdata)
</UL>
<P><STRONG><a name="[b9]"></a>us_ticker_get_info</STRONG> (Thumb, 4 bytes, Stack size 0 bytes, mbed/TARGET_K64F/TOOLCHAIN_ARM_STD/us_ticker.o(i.us_ticker_get_info))
<BR>[Address Reference Count : 1]<UL><LI> mbed_us_ticker_api.o(.constdata)
</UL>
<P><STRONG><a name="[b3]"></a>us_ticker_init</STRONG> (Thumb, 182 bytes, Stack size 16 bytes, mbed/TARGET_K64F/TOOLCHAIN_ARM_STD/us_ticker.o(i.us_ticker_init))
<BR><BR>[Stack]<UL><LI>Max Depth = 624 + Unknown Stack Size
<LI>Call Chain = us_ticker_init &rArr; PIT_Init &rArr; __aeabi_assert &rArr; __assert_puts &rArr; fflush &rArr; _do_fflush &rArr; _fflush &rArr; _writebuf &rArr; _sys_write &rArr; get_fhc(int) &rArr; __cxa_guard_release &rArr; mbed_assert_internal &rArr; mbed_error_printf &rArr; serial_init &rArr;  mbed_assert_internal (Cycle)
</UL>
<BR>[Calls]<UL><LI><a href="#[179]">&gt;&gt;</a>&nbsp;&nbsp;&nbsp;PIT_Init
<LI><a href="#[173]">&gt;&gt;</a>&nbsp;&nbsp;&nbsp;CLOCK_GetFreq
</UL>
<BR>[Address Reference Count : 1]<UL><LI> mbed_us_ticker_api.o(.constdata)
</UL>
<P><STRONG><a name="[1da]"></a>us_ticker_irq_handler</STRONG> (Thumb, 14 bytes, Stack size 0 bytes, mbed/TARGET_K64F/TOOLCHAIN_ARM_STD/mbed.ar(mbed_us_ticker_api.o)(i.us_ticker_irq_handler))
<BR><BR>[Called By]<UL><LI><a href="#[b1]">&gt;&gt;</a>&nbsp;&nbsp;&nbsp;pit_isr
</UL>

<P><STRONG><a name="[b4]"></a>us_ticker_read</STRONG> (Thumb, 10 bytes, Stack size 0 bytes, mbed/TARGET_K64F/TOOLCHAIN_ARM_STD/us_ticker.o(i.us_ticker_read))
<BR>[Address Reference Count : 1]<UL><LI> mbed_us_ticker_api.o(.constdata)
</UL>
<P><STRONG><a name="[b7]"></a>us_ticker_set_interrupt</STRONG> (Thumb, 96 bytes, Stack size 0 bytes, mbed/TARGET_K64F/TOOLCHAIN_ARM_STD/us_ticker.o(i.us_ticker_set_interrupt))
<BR>[Address Reference Count : 1]<UL><LI> mbed_us_ticker_api.o(.constdata)
</UL>
<P><STRONG><a name="[1ce]"></a>wait</STRONG> (Thumb, 44 bytes, Stack size 16 bytes, mbed/TARGET_K64F/TOOLCHAIN_ARM_STD/mbed.ar(mbed_wait_api_no_rtos.o)(i.wait))
<BR><BR>[Stack]<UL><LI>Max Depth = 184<LI>Call Chain = wait &rArr; ticker_read &rArr; initialize &rArr;  mbed_assert_internal (Cycle)
</UL>
<BR>[Calls]<UL><LI><a href="#[1e0]">&gt;&gt;</a>&nbsp;&nbsp;&nbsp;ticker_read
<LI><a href="#[1a1]">&gt;&gt;</a>&nbsp;&nbsp;&nbsp;get_us_ticker_data
</UL>
<BR>[Called By]<UL><LI><a href="#[168]">&gt;&gt;</a>&nbsp;&nbsp;&nbsp;$Super$$main
</UL>

<P><STRONG><a name="[1d1]"></a>wait_ms</STRONG> (Thumb, 36 bytes, Stack size 16 bytes, mbed/TARGET_K64F/TOOLCHAIN_ARM_STD/mbed.ar(mbed_wait_api_no_rtos.o)(i.wait_ms))
<BR><BR>[Stack]<UL><LI>Max Depth = 184<LI>Call Chain = wait_ms &rArr; ticker_read &rArr; initialize &rArr;  mbed_assert_internal (Cycle)
</UL>
<BR>[Calls]<UL><LI><a href="#[1e0]">&gt;&gt;</a>&nbsp;&nbsp;&nbsp;ticker_read
<LI><a href="#[1a1]">&gt;&gt;</a>&nbsp;&nbsp;&nbsp;get_us_ticker_data
</UL>
<BR>[Called By]<UL><LI><a href="#[1c1]">&gt;&gt;</a>&nbsp;&nbsp;&nbsp;mbed_die
</UL>

<P><STRONG><a name="[105]"></a>_get_lc_numeric</STRONG> (Thumb, 44 bytes, Stack size 8 bytes, C:\Keil_v5\ARM\ARMCC\Bin\..\lib\armlib\c_w.l(lc_numeric_c.o)(locale$$code))
<BR><BR>[Stack]<UL><LI>Max Depth = 8<LI>Call Chain = _get_lc_numeric
</UL>
<BR>[Calls]<UL><LI><a href="#[1b9]">&gt;&gt;</a>&nbsp;&nbsp;&nbsp;strcmp
</UL>
<BR>[Called By]<UL><LI><a href="#[104]">&gt;&gt;</a>&nbsp;&nbsp;&nbsp;__rt_lib_init_lc_numeric_2
</UL>

<P><STRONG><a name="[a3]"></a>_get_lc_ctype</STRONG> (Thumb, 44 bytes, Stack size 8 bytes, C:\Keil_v5\ARM\ARMCC\Bin\..\lib\armlib\c_w.l(lc_ctype_c.o)(locale$$code))
<BR><BR>[Stack]<UL><LI>Max Depth = 8<LI>Call Chain = _get_lc_ctype
</UL>
<BR>[Calls]<UL><LI><a href="#[1b9]">&gt;&gt;</a>&nbsp;&nbsp;&nbsp;strcmp
</UL>
<BR>[Called By]<UL><LI><a href="#[103]">&gt;&gt;</a>&nbsp;&nbsp;&nbsp;__rt_lib_init_lc_ctype_2
</UL>
<BR>[Address Reference Count : 1]<UL><LI> rt_ctype_table.o(.text)
</UL>
<P><STRONG><a name="[1aa]"></a>SingletonPtr&lang;PlatformMutex&rang;::operator -&rang;()</STRONG> (Thumb, 36 bytes, Stack size 8 bytes, mbed/TARGET_K64F/TOOLCHAIN_ARM_STD/mbed.ar(FileBase.o)(t._ZN12SingletonPtrI13PlatformMutexEptEv))
<BR><BR>[Stack]<UL><LI>Max Depth = 448 + Unknown Stack Size
<LI>Call Chain = SingletonPtr&lang;PlatformMutex&rang;::operator -&rang;() &rArr; mbed_assert_internal &rArr; mbed_error_printf &rArr; serial_init &rArr;  mbed_assert_internal (Cycle)
</UL>
<BR>[Calls]<UL><LI><a href="#[17f]">&gt;&gt;</a>&nbsp;&nbsp;&nbsp;mbed_assert_internal
</UL>
<BR>[Called By]<UL><LI><a href="#[d2]">&gt;&gt;</a>&nbsp;&nbsp;&nbsp;mbed::FileBase::~FileBase()
<LI><a href="#[1a5]">&gt;&gt;</a>&nbsp;&nbsp;&nbsp;mbed::FileBase::FileBase(const char*, mbed::PathType)
<LI><a href="#[1a9]">&gt;&gt;</a>&nbsp;&nbsp;&nbsp;mbed::FileBase::lookup(const char*, unsigned)
</UL>

<P><STRONG><a name="[a8]"></a>mbed::Callback&lang;void()&rang;::~Callback()</STRONG> (Thumb, 18 bytes, Stack size 8 bytes, mbed/TARGET_K64F/TOOLCHAIN_ARM_STD/mbed.ar(SerialBase.o)(t._ZN4mbed8CallbackIFvvEED1Ev))
<BR><BR>[Stack]<UL><LI>Max Depth = 8<LI>Call Chain = mbed::Callback&lang;void()&rang;::~Callback()
</UL>
<BR>[Address Reference Count : 1]<UL><LI> SerialBase.o(i._ZN4mbed10SerialBaseD1Ev)
</UL>
<P><STRONG><a name="[225]"></a>mbed::Callback&lang;void()&rang;::~Callback__sub_object()</STRONG> (Thumb, 0 bytes, Stack size 8 bytes, mbed/TARGET_K64F/TOOLCHAIN_ARM_STD/mbed.ar(SerialBase.o)(t._ZN4mbed8CallbackIFvvEED1Ev), UNUSED)

<P><STRONG><a name="[a5]"></a>CThunk&lang;mbed::SerialBase&rang;::trampoline(mbed::SerialBase*, void*, void(mbed::SerialBase::**)(void*))</STRONG> (Thumb, 54 bytes, Stack size 8 bytes, mbed/TARGET_K64F/TOOLCHAIN_ARM_STD/mbed.ar(SerialBase.o)(t._ZN6CThunkIN4mbed10SerialBaseEE10trampolineEPS1_PvPMS1_FvS4_E))
<BR><BR>[Stack]<UL><LI>Max Depth = 8<LI>Call Chain = CThunk&lang;mbed::SerialBase&rang;::trampoline(mbed::SerialBase*, void*, void(mbed::SerialBase::**)(void*))
</UL>
<BR>[Address Reference Count : 1]<UL><LI> SerialBase.o(i._ZN4mbed10SerialBaseC1E7PinNameS1_i)
</UL>
<P><STRONG><a name="[1e4]"></a>__fpl_dretinf</STRONG> (Thumb, 12 bytes, Stack size 0 bytes, C:\Keil_v5\ARM\ARMCC\Bin\..\lib\armlib\fz_wm.l(dretinf.o)(x$fpl$dretinf), UNUSED)
<BR><BR>[Called By]<UL><LI><a href="#[1e2]">&gt;&gt;</a>&nbsp;&nbsp;&nbsp;_f2d
</UL>

<P><STRONG><a name="[1cf]"></a>__aeabi_f2d</STRONG> (Thumb, 0 bytes, Stack size 16 bytes, C:\Keil_v5\ARM\ARMCC\Bin\..\lib\armlib\fz_wm.l(f2d.o)(x$fpl$f2d))
<BR><BR>[Stack]<UL><LI>Max Depth = 16<LI>Call Chain = __aeabi_f2d
</UL>
<BR>[Called By]<UL><LI><a href="#[168]">&gt;&gt;</a>&nbsp;&nbsp;&nbsp;$Super$$main
</UL>

<P><STRONG><a name="[1e2]"></a>_f2d</STRONG> (Thumb, 86 bytes, Stack size 16 bytes, C:\Keil_v5\ARM\ARMCC\Bin\..\lib\armlib\fz_wm.l(f2d.o)(x$fpl$f2d), UNUSED)
<BR><BR>[Calls]<UL><LI><a href="#[1e3]">&gt;&gt;</a>&nbsp;&nbsp;&nbsp;__fpl_fnaninf
<LI><a href="#[1e4]">&gt;&gt;</a>&nbsp;&nbsp;&nbsp;__fpl_dretinf
</UL>

<P><STRONG><a name="[1e3]"></a>__fpl_fnaninf</STRONG> (Thumb, 140 bytes, Stack size 8 bytes, C:\Keil_v5\ARM\ARMCC\Bin\..\lib\armlib\fz_wm.l(fnaninf.o)(x$fpl$fnaninf), UNUSED)
<BR><BR>[Called By]<UL><LI><a href="#[1e2]">&gt;&gt;</a>&nbsp;&nbsp;&nbsp;_f2d
</UL>

<P><STRONG><a name="[fe]"></a>_fp_init</STRONG> (Thumb, 10 bytes, Stack size 0 bytes, C:\Keil_v5\ARM\ARMCC\Bin\..\lib\armlib\fz_wm.l(fpinit.o)(x$fpl$fpinit))
<BR><BR>[Called By]<UL><LI><a href="#[fd]">&gt;&gt;</a>&nbsp;&nbsp;&nbsp;__rt_lib_init_fp_1
</UL>

<P><STRONG><a name="[226]"></a>__fplib_config_fpu_vfp</STRONG> (Thumb, 0 bytes, Stack size unknown bytes, C:\Keil_v5\ARM\ARMCC\Bin\..\lib\armlib\fz_wm.l(fpinit.o)(x$fpl$fpinit), UNUSED)

<P><STRONG><a name="[227]"></a>__fplib_config_pureend_doubles</STRONG> (Thumb, 0 bytes, Stack size unknown bytes, C:\Keil_v5\ARM\ARMCC\Bin\..\lib\armlib\fz_wm.l(fpinit.o)(x$fpl$fpinit), UNUSED)

<P><STRONG><a name="[e0]"></a>_printf_fp_dec</STRONG> (Thumb, 4 bytes, Stack size 0 bytes, C:\Keil_v5\ARM\ARMCC\Bin\..\lib\armlib\fz_wm.l(printf1.o)(x$fpl$printf1))
<BR><BR>[Stack]<UL><LI>Max Depth = 324<LI>Call Chain = _printf_fp_dec &rArr; _printf_fp_dec_real &rArr; _fp_digits &rArr; _btod_etento &rArr; _btod_emul &rArr; _e2e
</UL>
<BR>[Calls]<UL><LI><a href="#[155]">&gt;&gt;</a>&nbsp;&nbsp;&nbsp;_printf_fp_dec_real
</UL>
<BR>[Called By]<UL><LI><a href="#[e2]">&gt;&gt;</a>&nbsp;&nbsp;&nbsp;_printf_g
<LI><a href="#[e1]">&gt;&gt;</a>&nbsp;&nbsp;&nbsp;_printf_e
<LI><a href="#[df]">&gt;&gt;</a>&nbsp;&nbsp;&nbsp;_printf_f
</UL>

<P><STRONG><a name="[e4]"></a>_printf_fp_hex</STRONG> (Thumb, 4 bytes, Stack size 0 bytes, C:\Keil_v5\ARM\ARMCC\Bin\..\lib\armlib\fz_wm.l(printf2.o)(x$fpl$printf2))
<BR><BR>[Stack]<UL><LI>Max Depth = 112<LI>Call Chain = _printf_fp_hex &rArr; _printf_fp_hex_real &rArr; _printf_fp_infnan &rArr; _printf_post_padding
</UL>
<BR>[Calls]<UL><LI><a href="#[158]">&gt;&gt;</a>&nbsp;&nbsp;&nbsp;_printf_fp_hex_real
</UL>
<BR>[Called By]<UL><LI><a href="#[e3]">&gt;&gt;</a>&nbsp;&nbsp;&nbsp;_printf_a
</UL>
<P>
<H3>
Local Symbols
</H3>
<P><STRONG><a name="[d3]"></a>__sti___8_main_cpp_gpo</STRONG> (Thumb, 114 bytes, Stack size 16 bytes, .\build\main.o(i.__sti___8_main_cpp_gpo))
<BR><BR>[Stack]<UL><LI>Max Depth = 704 + Unknown Stack Size
<LI>Call Chain = __sti___8_main_cpp_gpo &rArr; mbed::Serial::Serial(PinName, PinName, const char*, int) &rArr; mbed::Stream::Stream__sub_object(const char*) &rArr; mbed::fdopen(mbed::FileHandle*, const char*) &rArr; fopen &rArr; freopen &rArr; _fclose_internal &rArr; _fflush &rArr; _writebuf &rArr; _sys_write &rArr; get_fhc(int) &rArr; __cxa_guard_release &rArr; mbed_assert_internal &rArr; mbed_error_printf &rArr; serial_init &rArr;  mbed_assert_internal (Cycle)
</UL>
<BR>[Calls]<UL><LI><a href="#[1b3]">&gt;&gt;</a>&nbsp;&nbsp;&nbsp;mbed::DigitalIn::DigitalIn(PinName)
<LI><a href="#[18c]">&gt;&gt;</a>&nbsp;&nbsp;&nbsp;mbed::DigitalOut::DigitalOut(PinName)
<LI><a href="#[189]">&gt;&gt;</a>&nbsp;&nbsp;&nbsp;__aeabi_atexit
<LI><a href="#[1a2]">&gt;&gt;</a>&nbsp;&nbsp;&nbsp;mbed::Serial::Serial(PinName, PinName, const char*, int)
<LI><a href="#[1a0]">&gt;&gt;</a>&nbsp;&nbsp;&nbsp;mbed::Timer::Timer()
</UL>
<BR>[Address Reference Count : 1]<UL><LI> main.o(.init_array)
</UL>
<P><STRONG><a name="[172]"></a>CLOCK_GetFllRefClkFreq</STRONG> (Thumb, 142 bytes, Stack size 8 bytes, mbed/TARGET_K64F/TOOLCHAIN_ARM_STD/fsl_clock.o(i.CLOCK_GetFllRefClkFreq))
<BR><BR>[Stack]<UL><LI>Max Depth = 8 + In Cycle
<LI>Call Chain = CLOCK_GetFllRefClkFreq &rArr;  __aeabi_assert (Cycle)
</UL>
<BR>[Calls]<UL><LI><a href="#[128]">&gt;&gt;</a>&nbsp;&nbsp;&nbsp;__aeabi_assert
</UL>
<BR>[Called By]<UL><LI><a href="#[174]">&gt;&gt;</a>&nbsp;&nbsp;&nbsp;CLOCK_GetOutClkFreq
<LI><a href="#[173]">&gt;&gt;</a>&nbsp;&nbsp;&nbsp;CLOCK_GetFreq
</UL>

<P><STRONG><a name="[17e]"></a>reserve_filehandle()</STRONG> (Thumb, 154 bytes, Stack size 16 bytes, mbed/TARGET_K64F/TOOLCHAIN_ARM_STD/mbed_retarget.o(i._Z18reserve_filehandlev))
<BR><BR>[Stack]<UL><LI>Max Depth = 456 + Unknown Stack Size
<LI>Call Chain = reserve_filehandle() &rArr; mbed_assert_internal &rArr; mbed_error_printf &rArr; serial_init &rArr;  mbed_assert_internal (Cycle)
</UL>
<BR>[Calls]<UL><LI><a href="#[17f]">&gt;&gt;</a>&nbsp;&nbsp;&nbsp;mbed_assert_internal
<LI><a href="#[15b]">&gt;&gt;</a>&nbsp;&nbsp;&nbsp;__aeabi_errno_addr
</UL>
<BR>[Called By]<UL><LI><a href="#[1ba]">&gt;&gt;</a>&nbsp;&nbsp;&nbsp;open
<LI><a href="#[1a6]">&gt;&gt;</a>&nbsp;&nbsp;&nbsp;mbed::fdopen(mbed::FileHandle*, const char*)
</UL>

<P><STRONG><a name="[183]"></a>get_fhc(int)</STRONG> (Thumb, 140 bytes, Stack size 24 bytes, mbed/TARGET_K64F/TOOLCHAIN_ARM_STD/mbed_retarget.o(i._Z7get_fhci))
<BR><BR>[Stack]<UL><LI>Max Depth = 472 + Unknown Stack Size
<LI>Call Chain = get_fhc(int) &rArr; __cxa_guard_release &rArr; mbed_assert_internal &rArr; mbed_error_printf &rArr; serial_init &rArr;  mbed_assert_internal (Cycle)
</UL>
<BR>[Calls]<UL><LI><a href="#[189]">&gt;&gt;</a>&nbsp;&nbsp;&nbsp;__aeabi_atexit
<LI><a href="#[185]">&gt;&gt;</a>&nbsp;&nbsp;&nbsp;mbed::mbed_target_override_console(int)
<LI><a href="#[184]">&gt;&gt;</a>&nbsp;&nbsp;&nbsp;mbed::mbed_override_console(int)
<LI><a href="#[188]">&gt;&gt;</a>&nbsp;&nbsp;&nbsp;serial_baud
<LI><a href="#[18a]">&gt;&gt;</a>&nbsp;&nbsp;&nbsp;__cxa_guard_release
<LI><a href="#[186]">&gt;&gt;</a>&nbsp;&nbsp;&nbsp;__cxa_guard_acquire
<LI><a href="#[187]">&gt;&gt;</a>&nbsp;&nbsp;&nbsp;serial_init
</UL>
<BR>[Called By]<UL><LI><a href="#[148]">&gt;&gt;</a>&nbsp;&nbsp;&nbsp;_sys_write
<LI><a href="#[147]">&gt;&gt;</a>&nbsp;&nbsp;&nbsp;_sys_seek
<LI><a href="#[122]">&gt;&gt;</a>&nbsp;&nbsp;&nbsp;_sys_open
<LI><a href="#[144]">&gt;&gt;</a>&nbsp;&nbsp;&nbsp;_sys_istty
<LI><a href="#[143]">&gt;&gt;</a>&nbsp;&nbsp;&nbsp;_sys_flen
<LI><a href="#[127]">&gt;&gt;</a>&nbsp;&nbsp;&nbsp;_sys_close
<LI><a href="#[1a6]">&gt;&gt;</a>&nbsp;&nbsp;&nbsp;mbed::fdopen(mbed::FileHandle*, const char*)
</UL>

<P><STRONG><a name="[b1]"></a>pit_isr</STRONG> (Thumb, 44 bytes, Stack size 0 bytes, mbed/TARGET_K64F/TOOLCHAIN_ARM_STD/us_ticker.o(i.pit_isr))
<BR><BR>[Calls]<UL><LI><a href="#[1da]">&gt;&gt;</a>&nbsp;&nbsp;&nbsp;us_ticker_irq_handler
</UL>
<BR>[Address Reference Count : 1]<UL><LI> us_ticker.o(i.us_ticker_init)
</UL>
<P><STRONG><a name="[a6]"></a>&lang;Func3&rang;</STRONG> (Thumb, 12 bytes, Stack size 0 bytes, mbed/TARGET_K64F/TOOLCHAIN_ARM_STD/mbed.ar(SerialBase.o)(i.<Func3>))
<BR>[Address Reference Count : 1]<UL><LI> SerialBase.o(i._ZN4mbed10SerialBaseC1E7PinNameS1_i)
</UL>
<P><STRONG><a name="[1c9]"></a>initialize</STRONG> (Thumb, 246 bytes, Stack size 40 bytes, mbed/TARGET_K64F/TOOLCHAIN_ARM_STD/mbed.ar(mbed_ticker_api.o)(i.initialize))
<BR><BR>[Stack]<UL><LI>Max Depth = 160 + In Cycle
<LI>Call Chain = initialize &rArr;  mbed_assert_internal (Cycle)
</UL>
<BR>[Calls]<UL><LI><a href="#[17f]">&gt;&gt;</a>&nbsp;&nbsp;&nbsp;mbed_assert_internal
<LI><a href="#[1cc]">&gt;&gt;</a>&nbsp;&nbsp;&nbsp;update_present_time
<LI><a href="#[1cd]">&gt;&gt;</a>&nbsp;&nbsp;&nbsp;schedule_interrupt
<LI><a href="#[1cb]">&gt;&gt;</a>&nbsp;&nbsp;&nbsp;__aeabi_llsl
<LI><a href="#[1ca]">&gt;&gt;</a>&nbsp;&nbsp;&nbsp;__aeabi_uldivmod
</UL>
<BR>[Called By]<UL><LI><a href="#[1e0]">&gt;&gt;</a>&nbsp;&nbsp;&nbsp;ticker_read
<LI><a href="#[19d]">&gt;&gt;</a>&nbsp;&nbsp;&nbsp;ticker_read_us
</UL>

<P><STRONG><a name="[1cd]"></a>schedule_interrupt</STRONG> (Thumb, 254 bytes, Stack size 32 bytes, mbed/TARGET_K64F/TOOLCHAIN_ARM_STD/mbed.ar(mbed_ticker_api.o)(i.schedule_interrupt))
<BR><BR>[Stack]<UL><LI>Max Depth = 120<LI>Call Chain = schedule_interrupt &rArr; update_present_time &rArr; __aeabi_uldivmod
</UL>
<BR>[Calls]<UL><LI><a href="#[1cc]">&gt;&gt;</a>&nbsp;&nbsp;&nbsp;update_present_time
<LI><a href="#[1cb]">&gt;&gt;</a>&nbsp;&nbsp;&nbsp;__aeabi_llsl
<LI><a href="#[1ca]">&gt;&gt;</a>&nbsp;&nbsp;&nbsp;__aeabi_uldivmod
</UL>
<BR>[Called By]<UL><LI><a href="#[1c9]">&gt;&gt;</a>&nbsp;&nbsp;&nbsp;initialize
<LI><a href="#[d4]">&gt;&gt;</a>&nbsp;&nbsp;&nbsp;ticker_irq_handler
</UL>

<P><STRONG><a name="[1cc]"></a>update_present_time</STRONG> (Thumb, 252 bytes, Stack size 40 bytes, mbed/TARGET_K64F/TOOLCHAIN_ARM_STD/mbed.ar(mbed_ticker_api.o)(i.update_present_time))
<BR><BR>[Stack]<UL><LI>Max Depth = 88<LI>Call Chain = update_present_time &rArr; __aeabi_uldivmod
</UL>
<BR>[Calls]<UL><LI><a href="#[1e1]">&gt;&gt;</a>&nbsp;&nbsp;&nbsp;__aeabi_llsr
<LI><a href="#[1cb]">&gt;&gt;</a>&nbsp;&nbsp;&nbsp;__aeabi_llsl
<LI><a href="#[1ca]">&gt;&gt;</a>&nbsp;&nbsp;&nbsp;__aeabi_uldivmod
</UL>
<BR>[Called By]<UL><LI><a href="#[1e0]">&gt;&gt;</a>&nbsp;&nbsp;&nbsp;ticker_read
<LI><a href="#[1cd]">&gt;&gt;</a>&nbsp;&nbsp;&nbsp;schedule_interrupt
<LI><a href="#[1c9]">&gt;&gt;</a>&nbsp;&nbsp;&nbsp;initialize
<LI><a href="#[d4]">&gt;&gt;</a>&nbsp;&nbsp;&nbsp;ticker_irq_handler
<LI><a href="#[19d]">&gt;&gt;</a>&nbsp;&nbsp;&nbsp;ticker_read_us
</UL>

<P><STRONG><a name="[1c8]"></a>handle_error</STRONG> (Thumb, 106 bytes, Stack size 40 bytes, mbed/TARGET_K64F/TOOLCHAIN_ARM_STD/mbed.ar(mbed_error.o)(i.handle_error))
<BR><BR>[Stack]<UL><LI>Max Depth = 48<LI>Call Chain = handle_error &rArr; core_util_critical_section_exit &rArr; hal_critical_section_exit &rArr;  mbed_assert_internal (Cycle)
</UL>
<BR>[Calls]<UL><LI><a href="#[198]">&gt;&gt;</a>&nbsp;&nbsp;&nbsp;core_util_critical_section_exit
<LI><a href="#[195]">&gt;&gt;</a>&nbsp;&nbsp;&nbsp;core_util_critical_section_enter
</UL>
<BR>[Called By]<UL><LI><a href="#[1a7]">&gt;&gt;</a>&nbsp;&nbsp;&nbsp;mbed_error
</UL>

<P><STRONG><a name="[1d2]"></a>print_error_report</STRONG> (Thumb, 158 bytes, Stack size 24 bytes, mbed/TARGET_K64F/TOOLCHAIN_ARM_STD/mbed.ar(mbed_error.o)(i.print_error_report))
<BR><BR>[Stack]<UL><LI>Max Depth = 24 + In Cycle
<LI>Call Chain = print_error_report &rArr;  mbed_error_printf (Cycle)
</UL>
<BR>[Calls]<UL><LI><a href="#[1d0]">&gt;&gt;</a>&nbsp;&nbsp;&nbsp;mbed_error_printf
</UL>
<BR>[Called By]<UL><LI><a href="#[1a7]">&gt;&gt;</a>&nbsp;&nbsp;&nbsp;mbed_error
</UL>

<P><STRONG><a name="[a1]"></a>_printf_input_char</STRONG> (Thumb, 10 bytes, Stack size 0 bytes, C:\Keil_v5\ARM\ARMCC\Bin\..\lib\armlib\c_w.l(_printf_char_common.o)(.text))
<BR>[Address Reference Count : 1]<UL><LI> _printf_char_common.o(.text)
</UL>
<P><STRONG><a name="[150]"></a>_fp_digits</STRONG> (Thumb, 432 bytes, Stack size 96 bytes, C:\Keil_v5\ARM\ARMCC\Bin\..\lib\armlib\c_w.l(_printf_fp_dec.o)(.text))
<BR><BR>[Stack]<UL><LI>Max Depth = 220<LI>Call Chain = _fp_digits &rArr; _btod_etento &rArr; _btod_emul &rArr; _e2e
</UL>
<BR>[Calls]<UL><LI><a href="#[13b]">&gt;&gt;</a>&nbsp;&nbsp;&nbsp;_ll_udiv10
<LI><a href="#[154]">&gt;&gt;</a>&nbsp;&nbsp;&nbsp;_btod_emul
<LI><a href="#[153]">&gt;&gt;</a>&nbsp;&nbsp;&nbsp;_btod_ediv
<LI><a href="#[152]">&gt;&gt;</a>&nbsp;&nbsp;&nbsp;_btod_d2e
<LI><a href="#[151]">&gt;&gt;</a>&nbsp;&nbsp;&nbsp;_btod_etento
</UL>
<BR>[Called By]<UL><LI><a href="#[155]">&gt;&gt;</a>&nbsp;&nbsp;&nbsp;_printf_fp_dec_real
</UL>
<P>
<H3>
Undefined Global Symbols
</H3><HR></body></html>
